[backblue.gif]
[fade.gif]
[index.html]
[keiton-store-demo.myshopify.com/cdn/shop/t/2/assets/favicon7025.png]
[keiton-store-demo.myshopify.com/checkouts/internal/preloadsc494.js]
[keiton-store-demo.myshopify.com/cdn/shopifycloud/shopify/assets/storefront/load_feature-9f951eb7d8d53973c719de211f807d63af81c644e5b9a6ae72661ac408d472f6.js]
[keiton-store-demo.myshopify.com/cdn/shopifycloud/shopify/assets/storefront/features-1c0b396bd4d054b94abae1eb6a1bd6ba47beb35525c57a217c77a862ff06d83f.js]
[keiton-store-demo.myshopify.com/cdn/shop/t/2/compiled_assets/scriptsa7ae.js]
[keiton-store-demo.myshopify.com/cdn/shop/t/2/assets/jquery-3.5.0.minc173.js]
[keiton-store-demo.myshopify.com/cdn/shopifycloud/shopify/assets/themes_support/api.jquery-b0af070cfe3f5cf7c92f9e2a5da2665ee07ed2aad63bb408f8d6672f894a5996.js]
[keiton-store-demo.myshopify.com/cdn/shop/t/2/assets/modernizr-2.8.3.minff1d.js]
[keiton-store-demo.myshopify.com/cdn/shopifycloud/shopify/assets/themes_support/option_selection-86cdd286ddf3be7e25d68b9fc5965d7798a3ff6228ff79af67b3f4e41d6a34be.js]
[keiton-store-demo.myshopify.com/cdn/shop/t/2/assets/lazysizes.min5ab7.js]
[keiton-store-demo.myshopify.com/cdn/shop/t/2/assets/loader7b1f.gif]
[keiton-store-demo.myshopify.com/cdn/s/trekkie.storefront.a1ad2ab43a5932ff96084a0e2e69f51ba73ddbec.min.js]
[keiton-store-demo.myshopify.com/cdn/shopifycloud/shopify/assets/shop_events_listener-61fa9e0a912c675e178777d2b27f6cbd482f8912a6b0aa31fa3515985a8cd626.js]
[keiton-store-demo.myshopify.com/cdn/shopifycloud/boomerang/shopify-boomerang-1.0.0.min.js]
[keiton-store-demo.myshopify.com/cdn/shop/files/logo2027.png]
[keiton-store-demo.myshopify.com/cdn/shop/t/2/assets/apmenuitem_ihtml_59203.jpg]
[keiton-store-demo.myshopify.com/cdn/shop/files/s1e41f.jpg]
[keiton-store-demo.myshopify.com/cdn/shop/files/s2e41f.jpg]
[keiton-store-demo.myshopify.com/cdn/shop/t/2/assets/loading2397.gif]
[keiton-store-demo.myshopify.com/cdn/shop/files/ba1ca64.jpg]
[keiton-store-demo.myshopify.com/cdn/shop/files/3_55962fd5-0364-4880-ae2b-a8a6724e190c8826.jpg]
[keiton-store-demo.myshopify.com/cdn/shop/files/1_9dd7a935-2330-4f13-8c62-cb6d15563e6f6b08.jpg]
[keiton-store-demo.myshopify.com/cdn/shop/files/2_3e83ff86-95b4-4c10-a643-ea3e5ed9948e6b08.jpg]
[keiton-store-demo.myshopify.com/cdn/shop/files/logoo-removebg-preview8717.png]
[keiton-store-demo.myshopify.com/cdn/shop/t/2/assets/fastclicka8a9.js]
[keiton-store-demo.myshopify.com/cdn/shop/t/2/assets/jquery.currencies.minaea6.js]
[keiton-store-demo.myshopify.com/cdn/shop/t/2/assets/timber36d9.js]
[keiton-store-demo.myshopify.com/cdn/shop/t/2/assets/handlebars.min375e.js]
[keiton-store-demo.myshopify.com/cdn/shop/t/2/assets/ajax-cart9f97.js]
[keiton-store-demo.myshopify.com/cdn/shop/t/2/assets/bootstrap.bundle.min3c7d.js]
[keiton-store-demo.myshopify.com/cdn/shop/t/2/assets/slick.min97fd.js]
[keiton-store-demo.myshopify.com/cdn/shop/t/2/assets/instafeed.mina581.js]
[keiton-store-demo.myshopify.com/cdn/shop/t/2/assets/jquery.fancybox.min7408.js]
[keiton-store-demo.myshopify.com/cdn/shop/t/2/assets/engo-plugins8c15.js]
[keiton-store-demo.myshopify.com/cdn/shop/t/2/assets/quickviewdff1.js]
[keiton-store-demo.myshopify.com/cdn/shop/t/2/assets/collectiond533.js]
[keiton-store-demo.myshopify.com/cdn/shop/t/2/assets/engo-scriptsecd8.js]
[keiton-store-demo.myshopify.com/cdn/shop/t/2/assets/masonry.pkgd.minab60.js]
[keiton-store-demo.myshopify.com/index.html]
[keiton-store-demo.myshopify.com/cdn/shop/files/popup361d.jpg]
[keiton-store-demo.myshopify.com/cdn/shop/t/2/assets/icon-for-mobilea7ae.html]
[keiton-store-demo.myshopify.com/cdn/shop/t/2/assets/icon-for-mobile_57x57a7ae.html]
[keiton-store-demo.myshopify.com/cdn/shop/t/2/assets/icon-for-mobile_60x60a7ae.html]
[keiton-store-demo.myshopify.com/cdn/shop/t/2/assets/icon-for-mobile_72x72a7ae.html]
[keiton-store-demo.myshopify.com/cdn/shop/t/2/assets/icon-for-mobile_76x76a7ae.html]
[keiton-store-demo.myshopify.com/cdn/shop/t/2/assets/icon-for-mobile_114x114a7ae.html]
[keiton-store-demo.myshopify.com/cdn/shop/t/2/assets/icon-for-mobile_120x120a7ae.html]
[keiton-store-demo.myshopify.com/cdn/shop/t/2/assets/icon-for-mobile_144x144a7ae.html]
[keiton-store-demo.myshopify.com/cdn/shop/t/2/assets/icon-for-mobile_152x152a7ae.html]
[keiton-store-demo.myshopify.com/cdn/shop/t/2/assets/logoa7ae.html]
[keiton-store-demo.myshopify.com/cdn/shop/t/2/assets/timber.scss9027.css]
[keiton-store-demo.myshopify.com/cdn/shop/t/2/assets/bootstrap.minb71a.css]
[keiton-store-demo.myshopify.com/cdn/shop/t/2/assets/slick5fdf.css]
[keiton-store-demo.myshopify.com/cdn/shop/t/2/assets/ajax-loader.gif]
[keiton-store-demo.myshopify.com/cdn/shop/t/2/assets/slick-themeb4b6.css]
[keiton-store-demo.myshopify.com/cdn/shop/t/2/assets/jquery.fancybox.min1b5c.css]
[keiton-store-demo.myshopify.com/cdn/shop/t/2/assets/style-main.scssccd8.css]
[keiton-store-demo.myshopify.com/cdn/shop/t/2/assets/engo-customizesfcf2.css]
[keiton-store-demo.myshopify.com/cdn/shop/t/2/assets/animate.min20f7.css]
[shop.app/checkouts/internal/preloadsf798.js]
[keiton-store-demo.myshopify.com/cdn/shop/t/2/compiled_assets/stylesa7ae.css]
[maxcdn.bootstrapcdn.com/font-awesome/4.7.0/css/font-awesome.min.css]
[keiton-store-demo.myshopify.com/cdn/shop/files/indexa7ae.html]
[keiton-store-demo.myshopify.com/POST.html]
[keiton-store-demo.myshopify.com/password.html]
[keiton-store-demo.myshopify.com/index786f.html]
[keiton-store-demo.myshopify.com/indexfde4.html]
[keiton-store-demo.myshopify.com/indexa489.html]
[keiton-store-demo.myshopify.com/indexe8b1.html]
[keiton-store-demo.myshopify.com/index5159.html]
[keiton-store-demo.myshopify.com/collections/all/index786f.html]
[keiton-store-demo.myshopify.com/collections/all/indexfde4.html]
[keiton-store-demo.myshopify.com/collections/all/indexa489.html]
[keiton-store-demo.myshopify.com/collections/all/indexe8b1.html]
[keiton-store-demo.myshopify.com/collections/all/index5159.html]
[keiton-store-demo.myshopify.com/collections/all/index087e.html]
[keiton-store-demo.myshopify.com/collections/all/index6bad.html]
[keiton-store-demo.myshopify.com/collections/all/index19f7.html]
[keiton-store-demo.myshopify.com/collections/all/index6d68.html]
[keiton-store-demo.myshopify.com/products/cloudnova-sneaker/index786f.html]
[keiton-store-demo.myshopify.com/products/cloudnova-sneaker/indexfde4.html]
[keiton-store-demo.myshopify.com/products/cloudnova-sneaker/indexa489.html]
[keiton-store-demo.myshopify.com/products/cloudnova-sneaker/indexe8b1.html]
[keiton-store-demo.myshopify.com/products/cloudnova-sneaker/index5159.html]
[keiton-store-demo.myshopify.com/products/cloudnova-sneaker/index087e.html]
[keiton-store-demo.myshopify.com/products/cloudnova-sneaker/index19f7.html]
[keiton-store-demo.myshopify.com/products/cloudnova-sneaker/index64d8.html]
[keiton-store-demo.myshopify.com/products/cloudnova-sneaker/index123e.html]
[keiton-store-demo.myshopify.com/products/cloudnova-sneaker/indexfc1a.html]
[keiton-store-demo.myshopify.com/products/cloudnova-sneaker/index6bad.html]
[keiton-store-demo.myshopify.com/products/cloudnova-sneaker/index6d68.html]
[keiton-store-demo.myshopify.com/products/cloudaway/index786f.html]
[keiton-store-demo.myshopify.com/products/chuck-sneaker/index786f.html]
[keiton-store-demo.myshopify.com/products/ultraboost/indexa489.html]
[keiton-store-demo.myshopify.com/products/chuck-70/index786f.html]
[keiton-store-demo.myshopify.com/collections/all/index64d8.html]
[keiton-store-demo.myshopify.com/collections/all/index123e.html]
[keiton-store-demo.myshopify.com/collections/all/indexfc1a.html]
[keiton-store-demo.myshopify.com/cdn/shopifycloud/shopify/assets/no-image-2048-5e88c1b20e087fb7bbe9a3771824e743c244f437e4f8ba93bbf7b11b53f7824c_medium.gif]
[keiton-store-demo.myshopify.com/cdn/shop/files/collection1c21.jpg]
[keiton-store-demo.myshopify.com/pages/product-hover.html]
[keiton-store-demo.myshopify.com/cdn/shop/files/about11fa3.jpg]
[keiton-store-demo.myshopify.com/cdn/shop/files/about21c21.jpg]
[keiton-store-demo.myshopify.com/cdn/shop/files/about31fa3.jpg]
[keiton-store-demo.myshopify.com/cdn/shop/files/people48717.jpg]
[keiton-store-demo.myshopify.com/cdn/shop/files/people38717.jpg]
[keiton-store-demo.myshopify.com/cdn/shop/files/people18717.jpg]
[keiton-store-demo.myshopify.com/cdn/shop/files/people28717.jpg]
[keiton-store-demo.myshopify.com/cdn/shop/files/instagram1327b.jpg]
[keiton-store-demo.myshopify.com/cdn/shop/files/instagram2b2dc.jpg]
[keiton-store-demo.myshopify.com/cdn/shop/files/instagram31377.jpg]
[keiton-store-demo.myshopify.com/cdn/shop/files/instagram48b51.jpg]
[keiton-store-demo.myshopify.com/cdn/shop/files/instagram5dab7.jpg]
[keiton-store-demo.myshopify.com/cdn/shop/files/instagram6bf5a.jpg]
[keiton-store-demo.myshopify.com/cdn/shop/files/instagram7e77b.jpg]
[keiton-store-demo.myshopify.com/pages/about-us.html]
[keiton-store-demo.myshopify.com/cdn/shop/t/6/assets/favicon4df2.png]
[keiton-store-demo.myshopify.com/cdn/shop/t/6/compiled_assets/scriptsa7ae.js]
[keiton-store-demo.myshopify.com/cdn/shop/t/6/assets/jquery-3.5.0.min3e46.js]
[keiton-store-demo.myshopify.com/cdn/shop/t/6/assets/modernizr-2.8.3.minc1e9.js]
[keiton-store-demo.myshopify.com/cdn/shop/t/6/assets/lazysizes.min972b.js]
[keiton-store-demo.myshopify.com/cdn/shop/t/6/assets/loader12b1.gif]
[keiton-store-demo.myshopify.com/cdn/shop/t/6/assets/apmenuitem_ihtml_59b12.jpg]
[keiton-store-demo.myshopify.com/cdn/shop/files/about2.11fa3.jpg]
[keiton-store-demo.myshopify.com/cdn/shop/files/about2.21fa3.jpg]
[keiton-store-demo.myshopify.com/cdn/shop/files/about2.31fa3.jpg]
[keiton-store-demo.myshopify.com/cdn/shop/t/6/assets/fastclickc3a1.js]
[keiton-store-demo.myshopify.com/cdn/shop/t/6/assets/jquery.currencies.mincdc9.js]
[keiton-store-demo.myshopify.com/cdn/shop/t/6/assets/timberb9f6.js]
[keiton-store-demo.myshopify.com/cdn/shop/t/6/assets/handlebars.mind830.js]
[keiton-store-demo.myshopify.com/cdn/shop/t/6/assets/ajax-cart859b.js]
[keiton-store-demo.myshopify.com/cdn/shop/t/6/assets/bootstrap.bundle.min79be.js]
[keiton-store-demo.myshopify.com/cdn/shop/t/6/assets/slick.minde9c.js]
[keiton-store-demo.myshopify.com/cdn/shop/t/6/assets/instafeed.min5269.js]
[keiton-store-demo.myshopify.com/cdn/shop/t/6/assets/jquery.fancybox.min1825.js]
[keiton-store-demo.myshopify.com/cdn/shop/t/6/assets/engo-pluginsac64.js]
[keiton-store-demo.myshopify.com/cdn/shop/t/6/assets/quickview9577.js]
[keiton-store-demo.myshopify.com/cdn/shop/t/6/assets/collectionee31.js]
[keiton-store-demo.myshopify.com/cdn/shop/t/6/assets/engo-scripts5171.js]
[keiton-store-demo.myshopify.com/cdn/shop/t/6/assets/masonry.pkgd.min0e7d.js]
[keiton-store-demo.myshopify.com/pages/about-us-2.html]
[keiton-store-demo.myshopify.com/pages/about-us-3.html]
[keiton-store-demo.myshopify.com/cdn/shop/files/instagram10_68x68_crop_center37d0.jpg]
[keiton-store-demo.myshopify.com/cdn/shop/files/instagram8_68x68_crop_center37d0.jpg]
[keiton-store-demo.myshopify.com/cdn/shop/files/instagram5_68x68_crop_center37d0.jpg]
[keiton-store-demo.myshopify.com/cdn/shop/files/instagram7_68x68_crop_center37d0.jpg]
[keiton-store-demo.myshopify.com/pages/about-us-4.html]
[keiton-store-demo.myshopify.com/cdn/shop/t/5/assets/favicon4df2.png]
[keiton-store-demo.myshopify.com/cdn/shop/t/5/compiled_assets/scriptsa7ae.js]
[keiton-store-demo.myshopify.com/cdn/shop/t/5/assets/jquery-3.5.0.min3e46.js]
[keiton-store-demo.myshopify.com/cdn/shop/t/5/assets/modernizr-2.8.3.minc1e9.js]
[keiton-store-demo.myshopify.com/cdn/shop/t/5/assets/lazysizes.min972b.js]
[keiton-store-demo.myshopify.com/cdn/shop/t/5/assets/loader12b1.gif]
[keiton-store-demo.myshopify.com/cdn/shop/t/5/assets/apmenuitem_ihtml_59b12.jpg]
[keiton-store-demo.myshopify.com/cdn/shop/files/map8717.jpg]
[keiton-store-demo.myshopify.com/cdn/shop/t/5/assets/fastclickc3a1.js]
[keiton-store-demo.myshopify.com/cdn/shop/t/5/assets/jquery.currencies.mincdc9.js]
[keiton-store-demo.myshopify.com/cdn/shop/t/5/assets/timberb9f6.js]
[keiton-store-demo.myshopify.com/cdn/shop/t/5/assets/handlebars.mind830.js]
[keiton-store-demo.myshopify.com/cdn/shop/t/5/assets/ajax-cart859b.js]
[keiton-store-demo.myshopify.com/cdn/shop/t/5/assets/gmaps.min08ca.js]
[keiton-store-demo.myshopify.com/cdn/shop/t/5/assets/bootstrap.bundle.min79be.js]
[keiton-store-demo.myshopify.com/cdn/shop/t/5/assets/slick.minde9c.js]
[keiton-store-demo.myshopify.com/cdn/shop/t/5/assets/instafeed.min5269.js]
[keiton-store-demo.myshopify.com/cdn/shop/t/5/assets/jquery.fancybox.min1825.js]
[keiton-store-demo.myshopify.com/cdn/shop/t/5/assets/engo-pluginsac64.js]
[keiton-store-demo.myshopify.com/cdn/shop/t/5/assets/quickview9577.js]
[keiton-store-demo.myshopify.com/cdn/shop/t/5/assets/collectionee31.js]
[keiton-store-demo.myshopify.com/cdn/shop/t/5/assets/engo-scripts5171.js]
[keiton-store-demo.myshopify.com/cdn/shop/t/5/assets/masonry.pkgd.min0e7d.js]
[keiton-store-demo.myshopify.com/pages/contact-us.html]
[keiton-store-demo.myshopify.com/cdn/shop/t/13/assets/favicon56eb.png]
[keiton-store-demo.myshopify.com/cdn/shop/t/13/compiled_assets/scriptsa7ae.js]
[keiton-store-demo.myshopify.com/cdn/shop/t/13/assets/jquery-3.5.0.minac35.js]
[keiton-store-demo.myshopify.com/cdn/shop/t/13/assets/modernizr-2.8.3.min9261.js]
[keiton-store-demo.myshopify.com/cdn/shop/t/13/assets/lazysizes.minfd29.js]
[keiton-store-demo.myshopify.com/cdn/shop/t/13/assets/loader1cfb.gif]
[keiton-store-demo.myshopify.com/cdn/shop/t/13/assets/apmenuitem_ihtml_5e77f.jpg]
[keiton-store-demo.myshopify.com/cdn/shop/t/13/assets/fastclick7bc2.js]
[keiton-store-demo.myshopify.com/cdn/shop/t/13/assets/jquery.currencies.minebf9.js]
[keiton-store-demo.myshopify.com/cdn/shop/t/13/assets/timber8f3b.js]
[keiton-store-demo.myshopify.com/cdn/shop/t/13/assets/handlebars.min6643.js]
[keiton-store-demo.myshopify.com/cdn/shop/t/13/assets/ajax-cart0dbe.js]
[keiton-store-demo.myshopify.com/cdn/shop/t/13/assets/gmaps.minbf39.js]
[keiton-store-demo.myshopify.com/cdn/shop/t/13/assets/bootstrap.bundle.min9303.js]
[keiton-store-demo.myshopify.com/cdn/shop/t/13/assets/slick.min0fe5.js]
[keiton-store-demo.myshopify.com/cdn/shop/t/13/assets/instafeed.min6218.js]
[keiton-store-demo.myshopify.com/cdn/shop/t/13/assets/jquery.fancybox.min8225.js]
[keiton-store-demo.myshopify.com/cdn/shop/t/13/assets/engo-plugins343d.js]
[keiton-store-demo.myshopify.com/cdn/shop/t/13/assets/quickview9867.js]
[keiton-store-demo.myshopify.com/cdn/shop/t/13/assets/collection2284.js]
[keiton-store-demo.myshopify.com/cdn/shop/t/13/assets/engo-scripts920d.js]
[keiton-store-demo.myshopify.com/cdn/shop/t/13/assets/masonry.pkgd.minf0ee.js]
[keiton-store-demo.myshopify.com/pages/contact-us-2.html]
[keiton-store-demo.myshopify.com/cdn/shop/t/2/assets/gmaps.min8c87.js]
[keiton-store-demo.myshopify.com/pages/contact-us-3.html]
[keiton-store-demo.myshopify.com/blogs/news/do-you-really-understand-yourself/index786f.html]
[keiton-store-demo.myshopify.com/blogs/news/do-you-really-understand-yourself/indexfde4.html]
[keiton-store-demo.myshopify.com/blogs/news/do-you-really-understand-yourself/indexa489.html]
[keiton-store-demo.myshopify.com/blogs/news/interesting-things-you-didnt-know/index786f.html]
[keiton-store-demo.myshopify.com/blogs/news/index786f.html]
[keiton-store-demo.myshopify.com/blogs/news/indexfde4.html]
[keiton-store-demo.myshopify.com/blogs/news/indexa489.html]
[keiton-store-demo.myshopify.com/blogs/news/indexe8b1.html]
[keiton-store-demo.myshopify.com/blogs/news/index5159.html]
[keiton-store-demo.myshopify.com/cdn/shop/products/2.1_grandeb511.jpg]
[keiton-store-demo.myshopify.com/cdn/shop/products/2.2_grandeb511.jpg]
[keiton-store-demo.myshopify.com/cdn/shop/products/2.3_grandeb511.jpg]
[keiton-store-demo.myshopify.com/cdn/shop/products/2.1_mediumb511.jpg]
[keiton-store-demo.myshopify.com/cdn/shop/products/2.1b511.jpg]
[keiton-store-demo.myshopify.com/cdn/shop/products/2.2b511.jpg]
[keiton-store-demo.myshopify.com/cdn/shop/products/2.3b511.jpg]
[cdn.shopify.com/s/files/1/0560/3137/9504/files/instagram10d8a9.jpg]
[cdn.shopify.com/s/files/1/0560/3137/9504/files/instagram9d8a9.jpg]
[keiton-store-demo.myshopify.com/products/tarther-blast.html]
[keiton-store-demo.myshopify.com/cdn/shop/products/1.2_grandec1db.jpg]
[keiton-store-demo.myshopify.com/cdn/shop/products/1_grandec1db.jpg]
[keiton-store-demo.myshopify.com/cdn/shop/products/2_grandec1db.jpg]
[keiton-store-demo.myshopify.com/cdn/shop/products/1.2_mediumc1db.jpg]
[keiton-store-demo.myshopify.com/cdn/shop/products/1.2c1db.jpg]
[keiton-store-demo.myshopify.com/cdn/shop/products/1c1db.jpg]
[keiton-store-demo.myshopify.com/cdn/shop/products/2c1db.jpg]
[keiton-store-demo.myshopify.com/cdn/shop/products/3c1db.jpg]
[keiton-store-demo.myshopify.com/products/shoes-mt.html]
[keiton-store-demo.myshopify.com/cdn/shop/products/14.1_grande2329.jpg]
[keiton-store-demo.myshopify.com/cdn/shop/products/14.2_grande2329.jpg]
[keiton-store-demo.myshopify.com/cdn/shop/products/14.3_grande2329.jpg]
[keiton-store-demo.myshopify.com/cdn/shop/products/14.1_medium2329.jpg]
[keiton-store-demo.myshopify.com/cdn/shop/products/14.12329.jpg]
[keiton-store-demo.myshopify.com/cdn/shop/products/14.22329.jpg]
[keiton-store-demo.myshopify.com/cdn/shop/products/14.32329.jpg]
[keiton-store-demo.myshopify.com/products/running-sole.html]
[keiton-store-demo.myshopify.com/cdn/shop/products/11.1_grandeaf44.jpg]
[keiton-store-demo.myshopify.com/cdn/shop/products/11.2_grandeaf44.jpg]
[keiton-store-demo.myshopify.com/cdn/shop/products/11.3_grandeaf44.jpg]
[keiton-store-demo.myshopify.com/cdn/shop/products/11.1_mediumaf44.jpg]
[keiton-store-demo.myshopify.com/cdn/shop/products/11.1af44.jpg]
[keiton-store-demo.myshopify.com/cdn/shop/products/11.2af44.jpg]
[keiton-store-demo.myshopify.com/cdn/shop/products/11.3af44.jpg]
[keiton-store-demo.myshopify.com/products/rio-branco.html]
[keiton-store-demo.myshopify.com/cdn/shop/products/15.1_grandeeb54.jpg]
[keiton-store-demo.myshopify.com/cdn/shop/products/15.2_grandeeb54.jpg]
[keiton-store-demo.myshopify.com/cdn/shop/products/15.3_grandeeb54.jpg]
[keiton-store-demo.myshopify.com/cdn/shop/products/15.1_mediumeb54.jpg]
[keiton-store-demo.myshopify.com/cdn/shop/products/15.1eb54.jpg]
[keiton-store-demo.myshopify.com/cdn/shop/products/15.2eb54.jpg]
[keiton-store-demo.myshopify.com/cdn/shop/products/15.3eb54.jpg]
[keiton-store-demo.myshopify.com/products/retro-hiker.html]
[keiton-store-demo.myshopify.com/cdn/shop/t/7/assets/faviconb4b4.png]
[keiton-store-demo.myshopify.com/cdn/shop/products/10.1_grande7b7f.jpg]
[keiton-store-demo.myshopify.com/cdn/shop/products/10.2_grande7b7f.jpg]
[keiton-store-demo.myshopify.com/cdn/shop/products/10.3_grande7b7f.jpg]
[keiton-store-demo.myshopify.com/cdn/shop/products/10.1_medium7b7f.jpg]
[keiton-store-demo.myshopify.com/cdn/shop/t/7/assets/jquery-3.5.0.minbd01.js]
[keiton-store-demo.myshopify.com/cdn/shop/t/7/assets/modernizr-2.8.3.mincb3d.js]
[keiton-store-demo.myshopify.com/cdn/shop/t/7/assets/lazysizes.min4ce1.js]
[keiton-store-demo.myshopify.com/cdn/shop/t/7/assets/loader0ad6.gif]
[keiton-store-demo.myshopify.com/cdn/shop/t/7/assets/apmenuitem_ihtml_53a34.jpg]
[keiton-store-demo.myshopify.com/cdn/shop/t/7/assets/loadingbd55.gif]
[keiton-store-demo.myshopify.com/cdn/shop/t/7/assets/fastclick4d62.js]
[keiton-store-demo.myshopify.com/cdn/shop/t/7/assets/jquery.currencies.min3c82.js]
[keiton-store-demo.myshopify.com/cdn/shop/t/7/assets/timberdeb8.js]
[keiton-store-demo.myshopify.com/cdn/shop/t/7/assets/handlebars.min5182.js]
[keiton-store-demo.myshopify.com/cdn/shop/t/7/assets/ajax-cartae77.js]
[keiton-store-demo.myshopify.com/cdn/shop/t/7/assets/bootstrap.bundle.minecda.js]
[keiton-store-demo.myshopify.com/cdn/shop/t/7/assets/slick.min533f.js]
[keiton-store-demo.myshopify.com/cdn/shop/t/7/assets/instafeed.minf233.js]
[keiton-store-demo.myshopify.com/cdn/shop/t/7/assets/jquery.fancybox.minf6e1.js]
[keiton-store-demo.myshopify.com/cdn/shop/t/7/assets/engo-plugins2b39.js]
[keiton-store-demo.myshopify.com/cdn/shop/t/7/assets/quickview56c9.js]
[keiton-store-demo.myshopify.com/cdn/shop/t/7/assets/collection3600.js]
[keiton-store-demo.myshopify.com/cdn/shop/t/7/assets/engo-scripts1e4f.js]
[keiton-store-demo.myshopify.com/products/malibu-sneaker.html]
[keiton-store-demo.myshopify.com/cdn/shop/t/7/assets/masonry.pkgd.min531c.js]
[keiton-store-demo.myshopify.com/cdn/shop/products/4.1_grandef5ba.jpg]
[keiton-store-demo.myshopify.com/cdn/shop/products/4.2_grandef5ba.jpg]
[keiton-store-demo.myshopify.com/cdn/shop/products/4.3_grandef5ba.jpg]
[keiton-store-demo.myshopify.com/cdn/shop/products/4.1_mediumf5ba.jpg]
[keiton-store-demo.myshopify.com/cdn/shop/products/4.1f5ba.jpg]
[keiton-store-demo.myshopify.com/cdn/shop/products/4.2f5ba.jpg]
[keiton-store-demo.myshopify.com/cdn/shop/products/4.3f5ba.jpg]
[keiton-store-demo.myshopify.com/products/japan-spf.html]
[keiton-store-demo.myshopify.com/cdn/shop/products/3.1_grandec915.jpg]
[keiton-store-demo.myshopify.com/cdn/shop/products/3.2_grandec915.jpg]
[keiton-store-demo.myshopify.com/cdn/shop/products/3.3_grandec915.jpg]
[keiton-store-demo.myshopify.com/cdn/shop/products/3.1_mediumc915.jpg]
[keiton-store-demo.myshopify.com/cdn/shop/t/5/assets/loading7d92.gif]
[keiton-store-demo.myshopify.com/products/gel-lyte-og.html]
[keiton-store-demo.myshopify.com/pages/wishlist.html]
[keiton-store-demo.myshopify.com/cdn/shop/files/shopify-banner-sidebar8717.jpg]
[keiton-store-demo.myshopify.com/collections/all.html]
[keiton-store-demo.myshopify.com/cdn/shop/products/13.1_grande27b9.jpg]
[keiton-store-demo.myshopify.com/cdn/shop/products/13.2_grande27b9.jpg]
[keiton-store-demo.myshopify.com/cdn/shop/products/13.3_grande27b9.jpg]
[keiton-store-demo.myshopify.com/cdn/shop/products/13.1_medium27b9.jpg]
[keiton-store-demo.myshopify.com/cdn/shop/files/greena7ae.png]
[keiton-store-demo.myshopify.com/cdn/shop/files/bluea7ae.png]
[keiton-store-demo.myshopify.com/products/chuck-sneaker.html]
[keiton-store-demo.myshopify.com/cdn/shop/t/2/assets/iconsa760.html]
[keiton-store-demo.myshopify.com/cdn/shop/t/2/assets/iconsa760-2.html]
[keiton-store-demo.myshopify.com/cdn/shop/t/2/assets/iconsa760-3.html]
[keiton-store-demo.myshopify.com/cdn/shop/t/2/assets/iconsefb9.svg]
[keiton-store-demo.myshopify.com/cdn/shop/t/2/assets/slick.html]
[keiton-store-demo.myshopify.com/cdn/shop/t/2/assets/slickd41d.html]
[keiton-store-demo.myshopify.com/cdn/shop/t/2/assets/slick-2.html]
[keiton-store-demo.myshopify.com/cdn/shop/t/6/assets/icon-for-mobilea7ae.html]
[keiton-store-demo.myshopify.com/cdn/shop/t/6/assets/icon-for-mobile_57x57a7ae.html]
[keiton-store-demo.myshopify.com/cdn/shop/t/6/assets/icon-for-mobile_60x60a7ae.html]
[keiton-store-demo.myshopify.com/cdn/shop/t/6/assets/icon-for-mobile_72x72a7ae.html]
[keiton-store-demo.myshopify.com/cdn/shop/t/6/assets/icon-for-mobile_76x76a7ae.html]
[keiton-store-demo.myshopify.com/cdn/shop/t/6/assets/icon-for-mobile_114x114a7ae.html]
[keiton-store-demo.myshopify.com/cdn/shop/t/6/assets/icon-for-mobile_120x120a7ae.html]
[keiton-store-demo.myshopify.com/cdn/shop/t/6/assets/icon-for-mobile_144x144a7ae.html]
[keiton-store-demo.myshopify.com/cdn/shop/t/6/assets/icon-for-mobile_152x152a7ae.html]
[keiton-store-demo.myshopify.com/cdn/shop/t/6/assets/logoa7ae.html]
[keiton-store-demo.myshopify.com/cdn/shop/t/6/assets/icons2b8a.eot]
[keiton-store-demo.myshopify.com/cdn/shop/t/6/assets/icons2b8a.woff]
[keiton-store-demo.myshopify.com/cdn/shop/t/6/assets/icons2b8a.ttf]
[keiton-store-demo.myshopify.com/cdn/shop/t/6/assets/timber.scss28bb.css]
[keiton-store-demo.myshopify.com/cdn/shop/t/6/assets/bootstrap.mina262.css]
[keiton-store-demo.myshopify.com/cdn/shop/t/6/assets/slick6f09.css]
[keiton-store-demo.myshopify.com/cdn/shop/t/6/assets/icons9e45.svg]
[keiton-store-demo.myshopify.com/cdn/shop/t/6/assets/ajax-loader.gif]
[keiton-store-demo.myshopify.com/cdn/shop/t/6/assets/slick.eot]
[keiton-store-demo.myshopify.com/cdn/shop/t/6/assets/slickd41d.eot]
[keiton-store-demo.myshopify.com/cdn/shop/t/6/assets/slick.svg]
[keiton-store-demo.myshopify.com/cdn/shop/t/6/assets/slick-themec504.css]
[keiton-store-demo.myshopify.com/cdn/shop/t/6/assets/jquery.fancybox.min76a3.css]
[keiton-store-demo.myshopify.com/cdn/shop/t/6/assets/style-main.scss7b1b.css]
[keiton-store-demo.myshopify.com/cdn/shop/t/6/assets/engo-customizes74d3.css]
[keiton-store-demo.myshopify.com/cdn/shop/t/6/assets/animate.mina0ba.css]
[keiton-store-demo.myshopify.com/cdn/shop/t/6/compiled_assets/stylesa7ae.css]
[keiton-store-demo.myshopify.com/cdn/shop/t/5/assets/icon-for-mobilea7ae.html]
[keiton-store-demo.myshopify.com/cdn/shop/t/5/assets/icon-for-mobile_57x57a7ae.html]
[keiton-store-demo.myshopify.com/cdn/shop/t/5/assets/icon-for-mobile_60x60a7ae.html]
[keiton-store-demo.myshopify.com/cdn/shop/t/5/assets/icon-for-mobile_72x72a7ae.html]
[keiton-store-demo.myshopify.com/cdn/shop/t/5/assets/icon-for-mobile_76x76a7ae.html]
[keiton-store-demo.myshopify.com/cdn/shop/t/5/assets/icon-for-mobile_114x114a7ae.html]
[keiton-store-demo.myshopify.com/cdn/shop/t/5/assets/icon-for-mobile_120x120a7ae.html]
[keiton-store-demo.myshopify.com/cdn/shop/t/5/assets/icon-for-mobile_144x144a7ae.html]
[keiton-store-demo.myshopify.com/cdn/shop/t/5/assets/icon-for-mobile_152x152a7ae.html]
[keiton-store-demo.myshopify.com/cdn/shop/t/5/assets/logoa7ae.html]
[keiton-store-demo.myshopify.com/cdn/shop/t/5/assets/iconsf3f2.eot]
[keiton-store-demo.myshopify.com/cdn/shop/t/5/assets/iconsf3f2.woff]
[keiton-store-demo.myshopify.com/cdn/shop/t/5/assets/iconsf3f2.ttf]
[keiton-store-demo.myshopify.com/cdn/shop/t/5/assets/timber.scss6513.css]
[keiton-store-demo.myshopify.com/cdn/shop/t/5/assets/bootstrap.mina262.css]
[keiton-store-demo.myshopify.com/cdn/shop/t/5/assets/slick6f09.css]
[keiton-store-demo.myshopify.com/cdn/shop/t/5/assets/icons9e45.svg]
[keiton-store-demo.myshopify.com/cdn/shop/t/5/assets/ajax-loader.gif]
[keiton-store-demo.myshopify.com/cdn/shop/t/5/assets/slick.eot]
[keiton-store-demo.myshopify.com/cdn/shop/t/5/assets/slickd41d.eot]
[keiton-store-demo.myshopify.com/cdn/shop/t/5/assets/slick.svg]
[keiton-store-demo.myshopify.com/cdn/shop/t/5/assets/slick-themec504.css]
[keiton-store-demo.myshopify.com/cdn/shop/t/5/assets/jquery.fancybox.min76a3.css]
[keiton-store-demo.myshopify.com/cdn/shop/t/5/assets/style-main.scss7b1b.css]
[keiton-store-demo.myshopify.com/cdn/shop/t/5/assets/engo-customizes74d3.css]
[keiton-store-demo.myshopify.com/cdn/shop/t/5/assets/animate.mina0ba.css]
[keiton-store-demo.myshopify.com/cdn/shop/t/5/compiled_assets/stylesa7ae.css]
[keiton-store-demo.myshopify.com/cdn/shop/t/13/assets/icon-for-mobilea7ae.html]
[keiton-store-demo.myshopify.com/cdn/shop/t/13/assets/icon-for-mobile_57x57a7ae.html]
[keiton-store-demo.myshopify.com/cdn/shop/t/13/assets/icon-for-mobile_60x60a7ae.html]
[keiton-store-demo.myshopify.com/cdn/shop/t/13/assets/icon-for-mobile_72x72a7ae.html]
[keiton-store-demo.myshopify.com/cdn/shop/t/13/assets/icon-for-mobile_76x76a7ae.html]
[keiton-store-demo.myshopify.com/cdn/shop/t/13/assets/icon-for-mobile_114x114a7ae.html]
[keiton-store-demo.myshopify.com/cdn/shop/t/13/assets/icon-for-mobile_120x120a7ae.html]
[keiton-store-demo.myshopify.com/cdn/shop/t/13/assets/icon-for-mobile_144x144a7ae.html]
[keiton-store-demo.myshopify.com/cdn/shop/t/13/assets/icon-for-mobile_152x152a7ae.html]
[keiton-store-demo.myshopify.com/cdn/shop/t/13/assets/logoa7ae.html]
[keiton-store-demo.myshopify.com/cdn/shop/t/13/assets/timber.scss5b47.css]
[keiton-store-demo.myshopify.com/cdn/shop/t/13/assets/bootstrap.min1b82.css]
[keiton-store-demo.myshopify.com/cdn/shop/t/13/assets/slick9ef6.css]
[keiton-store-demo.myshopify.com/cdn/shop/t/13/assets/ajax-loader.gif]
[keiton-store-demo.myshopify.com/cdn/shop/t/13/assets/slick.eot]
[keiton-store-demo.myshopify.com/cdn/shop/t/13/assets/slickd41d.eot]
[keiton-store-demo.myshopify.com/cdn/shop/t/13/assets/slick.svg]
[keiton-store-demo.myshopify.com/cdn/shop/t/13/assets/slick-themed8a4.css]
[keiton-store-demo.myshopify.com/cdn/shop/t/13/assets/jquery.fancybox.min8aa1.css]
[keiton-store-demo.myshopify.com/cdn/shop/t/13/assets/style-main.scss3d67.css]
[keiton-store-demo.myshopify.com/cdn/shop/t/13/assets/engo-customizes12f9.css]
[keiton-store-demo.myshopify.com/cdn/shop/t/13/assets/animate.mind402.css]
[keiton-store-demo.myshopify.com/cdn/shop/t/13/compiled_assets/stylesa7ae.css]
[pinterest.com/pin/create/button/index5991.html]
[keiton-store-demo.myshopify.com/cdn/shop/files/graya7ae.html]
[keiton-store-demo.myshopify.com/cdn/shop/files/whitea7ae.html]
[pinterest.com/pin/create/button/indexda67.html]
[pinterest.com/pin/create/button/index70a8.html]
[pinterest.com/pin/create/button/index6a33.html]
[pinterest.com/pin/create/button/indexb966.html]
[keiton-store-demo.myshopify.com/cdn/shop/t/7/assets/icon-for-mobilea7ae.html]
[keiton-store-demo.myshopify.com/cdn/shop/t/7/assets/icon-for-mobile_57x57a7ae.html]
[keiton-store-demo.myshopify.com/cdn/shop/t/7/assets/icon-for-mobile_60x60a7ae.html]
[keiton-store-demo.myshopify.com/cdn/shop/t/7/assets/icon-for-mobile_72x72a7ae.html]
[keiton-store-demo.myshopify.com/cdn/shop/t/7/assets/icon-for-mobile_76x76a7ae.html]
[keiton-store-demo.myshopify.com/cdn/shop/t/7/assets/icon-for-mobile_114x114a7ae.html]
[keiton-store-demo.myshopify.com/cdn/shop/t/7/assets/icon-for-mobile_120x120a7ae.html]
[keiton-store-demo.myshopify.com/cdn/shop/t/7/assets/icon-for-mobile_144x144a7ae.html]
[keiton-store-demo.myshopify.com/cdn/shop/t/7/assets/icon-for-mobile_152x152a7ae.html]
[keiton-store-demo.myshopify.com/cdn/shop/t/7/assets/icons6565.eot]
[keiton-store-demo.myshopify.com/cdn/shop/t/7/assets/icons6565.woff]
[keiton-store-demo.myshopify.com/cdn/shop/t/7/assets/icons6565.ttf]
[keiton-store-demo.myshopify.com/cdn/shop/t/7/assets/timber.scss37a1.css]
[keiton-store-demo.myshopify.com/cdn/shop/t/7/assets/bootstrap.min83e8.css]
[keiton-store-demo.myshopify.com/cdn/shop/t/7/assets/slick1e6b.css]
[keiton-store-demo.myshopify.com/cdn/shop/t/7/assets/icons01f1.svg]
[keiton-store-demo.myshopify.com/cdn/shop/t/7/assets/ajax-loader.gif]
[keiton-store-demo.myshopify.com/cdn/shop/t/7/assets/slick.eot]
[keiton-store-demo.myshopify.com/cdn/shop/t/7/assets/slickd41d.eot]
[keiton-store-demo.myshopify.com/cdn/shop/t/7/assets/slick.svg]
[keiton-store-demo.myshopify.com/cdn/shop/t/7/assets/slick-theme52d6.css]
[keiton-store-demo.myshopify.com/cdn/shop/t/7/assets/jquery.fancybox.minde75.css]
[keiton-store-demo.myshopify.com/cdn/shop/t/7/assets/style-main.scsseb0c.css]
[keiton-store-demo.myshopify.com/cdn/shop/t/7/assets/engo-customizes74a7.css]
[keiton-store-demo.myshopify.com/cdn/shop/t/7/assets/animate.min8173.css]
[pinterest.com/pin/create/button/index1f75.html]
[pinterest.com/pin/create/button/index8740.html]
[pinterest.com/pin/create/button/indexeb3c.html]
[keiton-store-demo.myshopify.com/cdn/shop/files/greena7ae.html]
[keiton-store-demo.myshopify.com/cdn/shop/files/bluea7ae.html]
[pinterest.com/pin/create/button/indexc3e8.html]
[keiton-store-demo.myshopify.com/cdn/shop/t/6/assets/icons2b8a.html]
[keiton-store-demo.myshopify.com/cdn/shop/t/6/assets/icons2b8a-2.html]
[keiton-store-demo.myshopify.com/cdn/shop/t/6/assets/icons2b8a-3.html]
[keiton-store-demo.myshopify.com/cdn/shop/t/6/assets/icons9e45.svg]
[keiton-store-demo.myshopify.com/cdn/shop/t/6/assets/slick.html]
[keiton-store-demo.myshopify.com/cdn/shop/t/6/assets/slickd41d.html]
[keiton-store-demo.myshopify.com/cdn/shop/t/6/assets/slick-2.html]
[keiton-store-demo.myshopify.com/cdn/shop/t/5/assets/iconsf3f2.html]
[keiton-store-demo.myshopify.com/cdn/shop/t/5/assets/iconsf3f2-2.html]
[keiton-store-demo.myshopify.com/cdn/shop/t/5/assets/iconsf3f2-3.html]
[keiton-store-demo.myshopify.com/cdn/shop/t/5/assets/icons9e45.svg]
[keiton-store-demo.myshopify.com/cdn/shop/t/5/assets/slick.html]
[keiton-store-demo.myshopify.com/cdn/shop/t/5/assets/slickd41d.html]
[keiton-store-demo.myshopify.com/cdn/shop/t/5/assets/slick-2.html]
[keiton-store-demo.myshopify.com/cdn/shop/t/13/assets/slick.html]
[keiton-store-demo.myshopify.com/cdn/shop/t/13/assets/slickd41d.html]
[keiton-store-demo.myshopify.com/cdn/shop/t/13/assets/slick-2.html]
[keiton-store-demo.myshopify.com/cdn/shop/t/7/assets/icons6565.html]
[keiton-store-demo.myshopify.com/cdn/shop/t/7/assets/icons6565-2.html]
[keiton-store-demo.myshopify.com/cdn/shop/t/7/assets/icons6565-3.html]
[keiton-store-demo.myshopify.com/cdn/shop/t/7/assets/icons01f1.svg]
[keiton-store-demo.myshopify.com/cdn/shop/t/7/assets/slick.html]
[keiton-store-demo.myshopify.com/cdn/shop/t/7/assets/slickd41d.html]
[keiton-store-demo.myshopify.com/cdn/shop/t/7/assets/slick-2.html]
