[keiton-store-demo.myshopify.com/index.html]
[backblue.gif]
[fade.gif]
[index.html]
[keiton-store-demo.myshopify.com/cdn/shop/t/6/assets/favicon4df2.png]
[keiton-store-demo.myshopify.com/cdn/shop/t/6/assets/icon-for-mobilea7ae.png]
[keiton-store-demo.myshopify.com/cdn/shop/t/6/assets/icon-for-mobile_57x57a7ae.png]
[keiton-store-demo.myshopify.com/cdn/shop/t/6/assets/icon-for-mobile_60x60a7ae.png]
[keiton-store-demo.myshopify.com/cdn/shop/t/6/assets/icon-for-mobile_72x72a7ae.png]
[keiton-store-demo.myshopify.com/cdn/shop/t/6/assets/icon-for-mobile_76x76a7ae.png]
[keiton-store-demo.myshopify.com/cdn/shop/t/6/assets/icon-for-mobile_114x114a7ae.png]
[keiton-store-demo.myshopify.com/cdn/shop/t/6/assets/icon-for-mobile_120x120a7ae.png]
[keiton-store-demo.myshopify.com/cdn/shop/t/6/assets/icon-for-mobile_144x144a7ae.png]
[keiton-store-demo.myshopify.com/cdn/shop/t/6/assets/icon-for-mobile_152x152a7ae.png]
[keiton-store-demo.myshopify.com/cdn/shop/t/6/assets/logoa7ae.png]
[keiton-store-demo.myshopify.com/cdn/shop/t/6/assets/timber.scss28bb.css]
[keiton-store-demo.myshopify.com/cdn/shop/t/6/assets/bootstrap.mina262.css]
[keiton-store-demo.myshopify.com/cdn/shop/t/6/assets/slick6f09.css]
[keiton-store-demo.myshopify.com/cdn/shop/t/6/assets/slick-themec504.css]
[keiton-store-demo.myshopify.com/cdn/shop/t/6/assets/jquery.fancybox.min76a3.css]
[keiton-store-demo.myshopify.com/cdn/shop/t/6/assets/style-main.scss7b1b.css]
[keiton-store-demo.myshopify.com/cdn/shop/t/6/assets/engo-customizes74d3.css]
[keiton-store-demo.myshopify.com/cdn/shop/t/6/assets/animate.mina0ba.css]
[keiton-store-demo.myshopify.com/checkouts/internal/preloadsc494.js]
[keiton-store-demo.myshopify.com/cdn/shopifycloud/shopify/assets/storefront/load_feature-9f951eb7d8d53973c719de211f807d63af81c644e5b9a6ae72661ac408d472f6.js]
[keiton-store-demo.myshopify.com/cdn/shopifycloud/shopify/assets/storefront/features-1c0b396bd4d054b94abae1eb6a1bd6ba47beb35525c57a217c77a862ff06d83f.js]
[keiton-store-demo.myshopify.com/cdn/shopifycloud/shopify/assets/storefront/bars/preview_bar_injector-a34ad71e81d817c255fe9239b1dfd13e3237cb01f8d44ceae72c50dddb398ae3.js]
[keiton-store-demo.myshopify.com/cdn/shop/t/6/compiled_assets/stylesa7ae.css]
[keiton-store-demo.myshopify.com/cdn/shop/t/6/compiled_assets/scriptsa7ae.js]
[keiton-store-demo.myshopify.com/cdn/shop/t/6/assets/jquery-3.5.0.min3e46.js]
[keiton-store-demo.myshopify.com/cdn/shopifycloud/shopify/assets/themes_support/api.jquery-b0af070cfe3f5cf7c92f9e2a5da2665ee07ed2aad63bb408f8d6672f894a5996.js]
[keiton-store-demo.myshopify.com/cdn/shop/t/6/assets/modernizr-2.8.3.minc1e9.js]
[keiton-store-demo.myshopify.com/cdn/shopifycloud/shopify/assets/themes_support/option_selection-86cdd286ddf3be7e25d68b9fc5965d7798a3ff6228ff79af67b3f4e41d6a34be.js]
[keiton-store-demo.myshopify.com/cdn/shop/t/6/assets/lazysizes.min972b.js]
[maxcdn.bootstrapcdn.com/font-awesome/4.7.0/css/font-awesome.min.css]
[keiton-store-demo.myshopify.com/cdn/shop/t/6/assets/loader12b1.gif]
[keiton-store-demo.myshopify.com/POST]
[keiton-store-demo.myshopify.com/cdn]
[keiton-store-demo.myshopify.com/cdn/s/trekkie.storefront.a1ad2ab43a5932ff96084a0e2e69f51ba73ddbec.min.js]
[keiton-store-demo.myshopify.com/cdn/shopifycloud/shopify/assets/shop_events_listener-61fa9e0a912c675e178777d2b27f6cbd482f8912a6b0aa31fa3515985a8cd626.js]
[keiton-store-demo.myshopify.com/cdn/shopifycloud/boomerang/shopify-boomerang-1.0.0.min.js]
[keiton-store-demo.myshopify.com/pages/product-hover.html]
[keiton-store-demo.myshopify.com/pages/about-us.html]
[keiton-store-demo.myshopify.com/pages/about-us-3.html]
[keiton-store-demo.myshopify.com/pages/about-us-4.html]
[keiton-store-demo.myshopify.com/pages/contact-us.html]
[keiton-store-demo.myshopify.com/pages/contact-us-2.html]
[keiton-store-demo.myshopify.com/pages/contact-us-3.html]
[keiton-store-demo.myshopify.com/cdn/shop/files/logo2027.png]
[keiton-store-demo.myshopify.com/pages/wishlist.html]
[keiton-store-demo.myshopify.com/collections/all.html]
[keiton-store-demo.myshopify.com/pages/about-us-2.html]
[keiton-store-demo.myshopify.com/products/tarther-blast.html]
[keiton-store-demo.myshopify.com/cdn/shop/t/6/assets/loading7d92.gif]
[keiton-store-demo.myshopify.com/account/login.html]
[keiton-store-demo.myshopify.com/products/shoes-mt.html]
[keiton-store-demo.myshopify.com/products/running-sole.html]
[keiton-store-demo.myshopify.com/products/rio-branco.html]
[keiton-store-demo.myshopify.com/products/retro-hiker.html]
[keiton-store-demo.myshopify.com/products/malibu-sneaker.html]
[keiton-store-demo.myshopify.com/products/japan-spf.html]
[keiton-store-demo.myshopify.com/products/gel-lyte-og.html]
[keiton-store-demo.myshopify.com/cdn/shop/files/ba81698.jpg]
[keiton-store-demo.myshopify.com/cdn/shop/products/2.1b511.jpg]
[keiton-store-demo.myshopify.com/cdn/shop/products/2.2b511.jpg]
[keiton-store-demo.myshopify.com/cdn/shop/products/1.2c1db.jpg]
[keiton-store-demo.myshopify.com/cdn/shop/products/1c1db.jpg]
[keiton-store-demo.myshopify.com/cdn/shop/products/1.2_grandec1db.jpg]
[keiton-store-demo.myshopify.com/cdn/shop/products/1_grandec1db.jpg]
[keiton-store-demo.myshopify.com/cdn/shop/products/14.12329.jpg]
[keiton-store-demo.myshopify.com/cdn/shop/products/14.22329.jpg]
[keiton-store-demo.myshopify.com/products/chuck-sneaker.html]
[keiton-store-demo.myshopify.com/cdn/shop/products/13.127b9.jpg]
[keiton-store-demo.myshopify.com/cdn/shop/products/13.227b9.jpg]
[keiton-store-demo.myshopify.com/cdn/shop/products/13.1_grande27b9.jpg]
[keiton-store-demo.myshopify.com/cdn/shop/products/13.2_grande27b9.jpg]
[keiton-store-demo.myshopify.com/products/chuck-70.html]
[keiton-store-demo.myshopify.com/cdn/shop/products/5.1f429.jpg]
[keiton-store-demo.myshopify.com/cdn/shop/products/5.2f429.jpg]
[keiton-store-demo.myshopify.com/products/cloudaway.html]
[keiton-store-demo.myshopify.com/cdn/shop/products/9.1d8d8.jpg]
[keiton-store-demo.myshopify.com/cdn/shop/products/9.2d8d8.jpg]
[keiton-store-demo.myshopify.com/products/cloudnova-sneaker.html]
[keiton-store-demo.myshopify.com/cdn/shop/products/12.1b21b.jpg]
[keiton-store-demo.myshopify.com/cdn/shop/products/12.2b21b.jpg]
[keiton-store-demo.myshopify.com/cdn/shop/products/12.1_grandeb21b.jpg]
[keiton-store-demo.myshopify.com/cdn/shop/products/12.2_grandeb21b.jpg]
[keiton-store-demo.myshopify.com/products/condor.html]
[keiton-store-demo.myshopify.com/cdn/shop/products/8.1d972.jpg]
[keiton-store-demo.myshopify.com/cdn/shop/products/8.2d972.jpg]
[keiton-store-demo.myshopify.com/cdn/shop/products/3.1c915.jpg]
[keiton-store-demo.myshopify.com/cdn/shop/products/3.2c915.jpg]
[keiton-store-demo.myshopify.com/cdn/shop/files/ba1892f5.png]
[keiton-store-demo.myshopify.com/cdn/shop/files/instagram1327b.jpg]
[keiton-store-demo.myshopify.com/cdn/shop/files/instagram2b2dc.jpg]
[keiton-store-demo.myshopify.com/cdn/shop/files/instagram31377.jpg]
[keiton-store-demo.myshopify.com/cdn/shop/files/instagram48b51.jpg]
[keiton-store-demo.myshopify.com/cdn/shop/files/instagram5dab7.jpg]
[keiton-store-demo.myshopify.com/cdn/shop/files/instagram6bf5a.jpg]
[keiton-store-demo.myshopify.com/cdn/shop/files/logoo-removebg-preview8717.png]
[keiton-store-demo.myshopify.com/cdn/shop/t/6/assets/fastclickc3a1.js]
[keiton-store-demo.myshopify.com/cdn/s/javascripts/currencies.js]
[keiton-store-demo.myshopify.com/cdn/shop/t/6/assets/jquery.currencies.mincdc9.js]
[keiton-store-demo.myshopify.com/cdn/shop/t/6/assets/timberb9f6.js]
[keiton-store-demo.myshopify.com/cdn/shop/t/6/assets/handlebars.mind830.js]
[keiton-store-demo.myshopify.com/cdn/shop/t/6/assets/ajax-cart859b.js]
[keiton-store-demo.myshopify.com/cdn/shop/t/6/assets/bootstrap.bundle.min79be.js]
[keiton-store-demo.myshopify.com/cdn/shop/t/6/assets/slick.minde9c.js]
[keiton-store-demo.myshopify.com/cdn/shop/t/6/assets/instafeed.min5269.js]
[keiton-store-demo.myshopify.com/cdn/shop/t/6/assets/jquery.fancybox.min1825.js]
[keiton-store-demo.myshopify.com/cdn/shop/t/6/assets/engo-pluginsac64.js]
[keiton-store-demo.myshopify.com/cdn/shop/t/6/assets/quickview9577.js]
[keiton-store-demo.myshopify.com/cdn/shop/t/6/assets/collectionee31.js]
[keiton-store-demo.myshopify.com/cdn/shop/t/6/assets/engo-scripts5171.js]
[keiton-store-demo.myshopify.com/cdn/shop/t/6/assets/masonry.pkgd.min0e7d.js]
[keiton-store-demo.myshopify.com/cart.html]
[keiton-store-demo.myshopify.com/cdn/shop/files/popup361d.jpg]
[keiton-store-demo.myshopify.com/index.html]
[keiton-store-demo.myshopify.com/cdn/shop/t/6/assets/icon-for-mobilea7ae.html]
[keiton-store-demo.myshopify.com/cdn/shop/t/6/assets/icon-for-mobile_57x57a7ae.html]
[keiton-store-demo.myshopify.com/cdn/shop/t/6/assets/icon-for-mobile_60x60a7ae.html]
[keiton-store-demo.myshopify.com/cdn/shop/t/6/assets/icon-for-mobile_72x72a7ae.html]
[keiton-store-demo.myshopify.com/cdn/shop/t/6/assets/icon-for-mobile_76x76a7ae.html]
[keiton-store-demo.myshopify.com/cdn/shop/t/6/assets/icon-for-mobile_114x114a7ae.html]
[keiton-store-demo.myshopify.com/cdn/shop/t/6/assets/icon-for-mobile_120x120a7ae.html]
[keiton-store-demo.myshopify.com/cdn/shop/t/6/assets/icon-for-mobile_144x144a7ae.html]
[keiton-store-demo.myshopify.com/cdn/shop/t/6/assets/icon-for-mobile_152x152a7ae.html]
[keiton-store-demo.myshopify.com/cdn/shop/t/6/assets/logoa7ae.html]
[keiton-store-demo.myshopify.com/cdn/shop/t/6/assets/icons2b8a.eot]
[keiton-store-demo.myshopify.com/cdn/shop/t/6/assets/icons2b8a.woff]
[keiton-store-demo.myshopify.com/cdn/shop/t/6/assets/icons2b8a.ttf]
[keiton-store-demo.myshopify.com/cdn/shop/t/6/assets/timber.scss28bb.css]
[keiton-store-demo.myshopify.com/cdn/shop/t/6/assets/bootstrap.mina262.css]
[keiton-store-demo.myshopify.com/cdn/shop/t/6/assets/slick6f09.css]
[keiton-store-demo.myshopify.com/cdn/shop/t/6/assets/icons9e45.svg]
[keiton-store-demo.myshopify.com/cdn/shop/t/6/assets/ajax-loader.gif]
[keiton-store-demo.myshopify.com/cdn/shop/t/6/assets/slick.eot]
[keiton-store-demo.myshopify.com/cdn/shop/t/6/assets/slickd41d.eot]
[keiton-store-demo.myshopify.com/cdn/shop/t/6/assets/slick.svg]
[keiton-store-demo.myshopify.com/cdn/shop/t/6/assets/slick-themec504.css]
[keiton-store-demo.myshopify.com/cdn/shop/t/6/assets/jquery.fancybox.min76a3.css]
[keiton-store-demo.myshopify.com/cdn/shop/t/6/assets/style-main.scss7b1b.css]
[keiton-store-demo.myshopify.com/cdn/shop/t/6/assets/engo-customizes74d3.css]
[keiton-store-demo.myshopify.com/cdn/shop/t/6/assets/animate.mina0ba.css]
[shop.app/checkouts/internal/preloadsf798.js]
[keiton-store-demo.myshopify.com/cdn/shop/t/6/compiled_assets/stylesa7ae.css]
[maxcdn.bootstrapcdn.com/font-awesome/4.7.0/css/font-awesome.min.css]
[keiton-store-demo.myshopify.com/cdn/shop/files/indexa7ae.html]
[keiton-store-demo.myshopify.com/POST.html]
[keiton-store-demo.myshopify.com/cdn.html]
[keiton-store-demo.myshopify.com/index786f.html]
[keiton-store-demo.myshopify.com/indexfde4.html]
[keiton-store-demo.myshopify.com/indexa489.html]
[keiton-store-demo.myshopify.com/indexe8b1.html]
[keiton-store-demo.myshopify.com/index5159.html]
[keiton-store-demo.myshopify.com/collections/all/index786f.html]
[keiton-store-demo.myshopify.com/collections/all/indexfde4.html]
[keiton-store-demo.myshopify.com/collections/all/indexa489.html]
[keiton-store-demo.myshopify.com/collections/all/indexe8b1.html]
[keiton-store-demo.myshopify.com/collections/all/index5159.html]
[keiton-store-demo.myshopify.com/collections/all/index087e.html]
[keiton-store-demo.myshopify.com/collections/all/index6bad.html]
[keiton-store-demo.myshopify.com/collections/all/index19f7.html]
[keiton-store-demo.myshopify.com/collections/all/index6d68.html]
[keiton-store-demo.myshopify.com/products/cloudnova-sneaker/index786f.html]
[keiton-store-demo.myshopify.com/products/cloudnova-sneaker/indexfde4.html]
[keiton-store-demo.myshopify.com/products/cloudnova-sneaker/indexa489.html]
[keiton-store-demo.myshopify.com/products/cloudnova-sneaker/indexe8b1.html]
[keiton-store-demo.myshopify.com/products/cloudnova-sneaker/index5159.html]
[keiton-store-demo.myshopify.com/products/cloudnova-sneaker/index087e.html]
[keiton-store-demo.myshopify.com/products/cloudnova-sneaker/index19f7.html]
[keiton-store-demo.myshopify.com/products/cloudnova-sneaker/index64d8.html]
[keiton-store-demo.myshopify.com/products/cloudnova-sneaker/index123e.html]
[keiton-store-demo.myshopify.com/products/cloudnova-sneaker/indexfc1a.html]
[keiton-store-demo.myshopify.com/products/cloudnova-sneaker/index6bad.html]
[keiton-store-demo.myshopify.com/products/cloudnova-sneaker/index6d68.html]
[keiton-store-demo.myshopify.com/products/cloudaway/index786f.html]
[keiton-store-demo.myshopify.com/products/chuck-sneaker/index786f.html]
[keiton-store-demo.myshopify.com/products/ultraboost/indexa489.html]
[keiton-store-demo.myshopify.com/products/chuck-70/index786f.html]
[keiton-store-demo.myshopify.com/collections/all/index64d8.html]
[keiton-store-demo.myshopify.com/collections/all/index123e.html]
[keiton-store-demo.myshopify.com/collections/all/indexfc1a.html]
[keiton-store-demo.myshopify.com/products/ultraboost.html]
[keiton-store-demo.myshopify.com/cdn/shopifycloud/shopify/assets/no-image-2048-5e88c1b20e087fb7bbe9a3771824e743c244f437e4f8ba93bbf7b11b53f7824c_medium.gif]
[keiton-store-demo.myshopify.com/pages/POST]
[keiton-store-demo.myshopify.com/cdn/shop/t/6/assets/apmenuitem_ihtml_59b12.jpg]
[keiton-store-demo.myshopify.com/cdn/shop/files/collection1c21.jpg]
[keiton-store-demo.myshopify.com/pages/product-hover.html]
[keiton-store-demo.myshopify.com/cdn/shop/files/about11fa3.jpg]
[keiton-store-demo.myshopify.com/cdn/shop/files/about21c21.jpg]
[keiton-store-demo.myshopify.com/cdn/shop/files/about31fa3.jpg]
[keiton-store-demo.myshopify.com/cdn/shop/files/people48717.jpg]
[keiton-store-demo.myshopify.com/cdn/shop/files/people38717.jpg]
[keiton-store-demo.myshopify.com/cdn/shop/files/people18717.jpg]
[keiton-store-demo.myshopify.com/cdn/shop/files/people28717.jpg]
[keiton-store-demo.myshopify.com/cdn/shop/files/instagram7e77b.jpg]
[keiton-store-demo.myshopify.com/pages/about-us.html]
[keiton-store-demo.myshopify.com/cdn/shop/t/2/assets/favicon7025.png]
[keiton-store-demo.myshopify.com/cdn/shop/t/2/assets/icon-for-mobilea7ae.png]
[keiton-store-demo.myshopify.com/cdn/shop/t/2/assets/icon-for-mobile_57x57a7ae.png]
[keiton-store-demo.myshopify.com/cdn/shop/t/2/assets/icon-for-mobile_60x60a7ae.png]
[keiton-store-demo.myshopify.com/cdn/shop/t/2/assets/icon-for-mobile_72x72a7ae.png]
[keiton-store-demo.myshopify.com/cdn/shop/t/2/assets/icon-for-mobile_76x76a7ae.png]
[keiton-store-demo.myshopify.com/cdn/shop/t/2/assets/icon-for-mobile_114x114a7ae.png]
[keiton-store-demo.myshopify.com/cdn/shop/t/2/assets/icon-for-mobile_120x120a7ae.png]
[keiton-store-demo.myshopify.com/cdn/shop/t/2/assets/icon-for-mobile_144x144a7ae.png]
[keiton-store-demo.myshopify.com/cdn/shop/t/2/assets/icon-for-mobile_152x152a7ae.png]
[keiton-store-demo.myshopify.com/cdn/shop/t/2/assets/logoa7ae.png]
[keiton-store-demo.myshopify.com/cdn/shop/t/2/assets/timber.scss9027.css]
[keiton-store-demo.myshopify.com/cdn/shop/t/2/assets/bootstrap.minb71a.css]
[keiton-store-demo.myshopify.com/cdn/shop/t/2/assets/slick5fdf.css]
[keiton-store-demo.myshopify.com/cdn/shop/t/2/assets/slick-themeb4b6.css]
[keiton-store-demo.myshopify.com/cdn/shop/t/2/assets/jquery.fancybox.min1b5c.css]
[keiton-store-demo.myshopify.com/cdn/shop/t/2/assets/style-main.scssccd8.css]
[keiton-store-demo.myshopify.com/cdn/shop/t/2/assets/engo-customizesfcf2.css]
[keiton-store-demo.myshopify.com/cdn/shop/t/2/assets/animate.min20f7.css]
[keiton-store-demo.myshopify.com/cdn/shop/t/2/compiled_assets/stylesa7ae.css]
[keiton-store-demo.myshopify.com/cdn/shop/t/2/compiled_assets/scriptsa7ae.js]
[keiton-store-demo.myshopify.com/cdn/shop/t/2/assets/jquery-3.5.0.minc173.js]
[keiton-store-demo.myshopify.com/cdn/shop/t/2/assets/modernizr-2.8.3.minff1d.js]
[keiton-store-demo.myshopify.com/cdn/shop/t/2/assets/lazysizes.min5ab7.js]
[keiton-store-demo.myshopify.com/cdn/shop/t/2/assets/loader7b1f.gif]
[keiton-store-demo.myshopify.com/cdn/shop/t/2/assets/apmenuitem_ihtml_59203.jpg]
[keiton-store-demo.myshopify.com/cdn/shop/t/2/assets/fastclicka8a9.js]
[keiton-store-demo.myshopify.com/cdn/shop/t/2/assets/jquery.currencies.minaea6.js]
[keiton-store-demo.myshopify.com/cdn/shop/t/2/assets/timber36d9.js]
[keiton-store-demo.myshopify.com/cdn/shop/t/2/assets/handlebars.min375e.js]
[keiton-store-demo.myshopify.com/cdn/shop/t/2/assets/ajax-cart9f97.js]
[keiton-store-demo.myshopify.com/cdn/shop/t/2/assets/bootstrap.bundle.min3c7d.js]
[keiton-store-demo.myshopify.com/cdn/shop/t/2/assets/slick.min97fd.js]
[keiton-store-demo.myshopify.com/cdn/shop/t/2/assets/instafeed.mina581.js]
[keiton-store-demo.myshopify.com/cdn/shop/t/2/assets/jquery.fancybox.min7408.js]
[keiton-store-demo.myshopify.com/cdn/shop/t/2/assets/engo-plugins8c15.js]
[keiton-store-demo.myshopify.com/cdn/shop/t/2/assets/quickviewdff1.js]
[keiton-store-demo.myshopify.com/cdn/shop/t/2/assets/collectiond533.js]
[keiton-store-demo.myshopify.com/cdn/shop/t/2/assets/engo-scriptsecd8.js]
[keiton-store-demo.myshopify.com/cdn/shop/t/2/assets/masonry.pkgd.minab60.js]
[keiton-store-demo.myshopify.com/pages/about-us-3.html]
[keiton-store-demo.myshopify.com/cdn/shop/t/5/assets/favicon4df2.png]
[keiton-store-demo.myshopify.com/cdn/shop/t/5/assets/icon-for-mobilea7ae.png]
[keiton-store-demo.myshopify.com/cdn/shop/t/5/assets/icon-for-mobile_57x57a7ae.png]
[keiton-store-demo.myshopify.com/cdn/shop/t/5/assets/icon-for-mobile_60x60a7ae.png]
[keiton-store-demo.myshopify.com/cdn/shop/t/5/assets/icon-for-mobile_72x72a7ae.png]
[keiton-store-demo.myshopify.com/cdn/shop/t/5/assets/icon-for-mobile_76x76a7ae.png]
[keiton-store-demo.myshopify.com/cdn/shop/t/5/assets/icon-for-mobile_114x114a7ae.png]
[keiton-store-demo.myshopify.com/cdn/shop/t/5/assets/icon-for-mobile_120x120a7ae.png]
[keiton-store-demo.myshopify.com/cdn/shop/t/5/assets/icon-for-mobile_144x144a7ae.png]
[keiton-store-demo.myshopify.com/cdn/shop/t/5/assets/icon-for-mobile_152x152a7ae.png]
[keiton-store-demo.myshopify.com/cdn/shop/t/5/assets/logoa7ae.png]
[keiton-store-demo.myshopify.com/cdn/shop/t/5/assets/timber.scss6513.css]
[keiton-store-demo.myshopify.com/cdn/shop/t/5/assets/bootstrap.mina262.css]
[keiton-store-demo.myshopify.com/cdn/shop/t/5/assets/slick6f09.css]
[keiton-store-demo.myshopify.com/cdn/shop/t/5/assets/slick-themec504.css]
[keiton-store-demo.myshopify.com/cdn/shop/t/5/assets/jquery.fancybox.min76a3.css]
[keiton-store-demo.myshopify.com/cdn/shop/t/5/assets/style-main.scss7b1b.css]
[keiton-store-demo.myshopify.com/cdn/shop/t/5/assets/engo-customizes74d3.css]
[keiton-store-demo.myshopify.com/cdn/shop/t/5/assets/animate.mina0ba.css]
[keiton-store-demo.myshopify.com/cdn/shop/t/5/compiled_assets/stylesa7ae.css]
[keiton-store-demo.myshopify.com/cdn/shop/t/5/compiled_assets/scriptsa7ae.js]
[keiton-store-demo.myshopify.com/cdn/shop/t/5/assets/jquery-3.5.0.min3e46.js]
[keiton-store-demo.myshopify.com/cdn/shop/t/5/assets/modernizr-2.8.3.minc1e9.js]
[keiton-store-demo.myshopify.com/cdn/shop/t/5/assets/lazysizes.min972b.js]
[keiton-store-demo.myshopify.com/cdn/shop/t/5/assets/loader12b1.gif]
[keiton-store-demo.myshopify.com/cdn/shop/t/5/assets/apmenuitem_ihtml_59b12.jpg]
[keiton-store-demo.myshopify.com/collections.html]
[keiton-store-demo.myshopify.com/cdn/shop/files/instagram10_68x68_crop_center37d0.jpg]
[keiton-store-demo.myshopify.com/cdn/shop/files/instagram8_68x68_crop_center37d0.jpg]
[keiton-store-demo.myshopify.com/cdn/shop/files/instagram5_68x68_crop_center37d0.jpg]
[keiton-store-demo.myshopify.com/cdn/shop/files/instagram7_68x68_crop_center37d0.jpg]
[keiton-store-demo.myshopify.com/cdn/shop/t/5/assets/fastclickc3a1.js]
[keiton-store-demo.myshopify.com/cdn/shop/t/5/assets/jquery.currencies.mincdc9.js]
[keiton-store-demo.myshopify.com/cdn/shop/t/5/assets/timberb9f6.js]
[keiton-store-demo.myshopify.com/cdn/shop/t/5/assets/handlebars.mind830.js]
[keiton-store-demo.myshopify.com/cdn/shop/t/5/assets/ajax-cart859b.js]
[keiton-store-demo.myshopify.com/cdn/shop/t/5/assets/bootstrap.bundle.min79be.js]
[keiton-store-demo.myshopify.com/cdn/shop/t/5/assets/slick.minde9c.js]
[keiton-store-demo.myshopify.com/cdn/shop/t/5/assets/instafeed.min5269.js]
[keiton-store-demo.myshopify.com/cdn/shop/t/5/assets/jquery.fancybox.min1825.js]
[keiton-store-demo.myshopify.com/cdn/shop/t/5/assets/engo-pluginsac64.js]
[keiton-store-demo.myshopify.com/cdn/shop/t/5/assets/quickview9577.js]
[keiton-store-demo.myshopify.com/cdn/shop/t/5/assets/collectionee31.js]
[keiton-store-demo.myshopify.com/cdn/shop/t/5/assets/engo-scripts5171.js]
[keiton-store-demo.myshopify.com/cdn/shop/t/5/assets/masonry.pkgd.min0e7d.js]
[keiton-store-demo.myshopify.com/pages/about-us-4.html]
[keiton-store-demo.myshopify.com/cdn/shop/t/13/assets/favicon56eb.png]
[keiton-store-demo.myshopify.com/cdn/shop/t/13/assets/icon-for-mobilea7ae.png]
[keiton-store-demo.myshopify.com/cdn/shop/t/13/assets/icon-for-mobile_57x57a7ae.png]
[keiton-store-demo.myshopify.com/cdn/shop/t/13/assets/icon-for-mobile_60x60a7ae.png]
[keiton-store-demo.myshopify.com/cdn/shop/t/13/assets/icon-for-mobile_72x72a7ae.png]
[keiton-store-demo.myshopify.com/cdn/shop/t/13/assets/icon-for-mobile_76x76a7ae.png]
[keiton-store-demo.myshopify.com/cdn/shop/t/13/assets/icon-for-mobile_114x114a7ae.png]
[keiton-store-demo.myshopify.com/cdn/shop/t/13/assets/icon-for-mobile_120x120a7ae.png]
[keiton-store-demo.myshopify.com/cdn/shop/t/13/assets/icon-for-mobile_144x144a7ae.png]
[keiton-store-demo.myshopify.com/cdn/shop/t/13/assets/icon-for-mobile_152x152a7ae.png]
[keiton-store-demo.myshopify.com/cdn/shop/t/13/assets/logoa7ae.png]
[keiton-store-demo.myshopify.com/cdn/shop/t/13/assets/timber.scss5b47.css]
[keiton-store-demo.myshopify.com/cdn/shop/t/13/assets/bootstrap.min1b82.css]
[keiton-store-demo.myshopify.com/cdn/shop/t/13/assets/slick9ef6.css]
[keiton-store-demo.myshopify.com/cdn/shop/t/13/assets/slick-themed8a4.css]
[keiton-store-demo.myshopify.com/cdn/shop/t/13/assets/jquery.fancybox.min8aa1.css]
[keiton-store-demo.myshopify.com/cdn/shop/t/13/assets/style-main.scss3d67.css]
[keiton-store-demo.myshopify.com/cdn/shop/t/13/assets/engo-customizes12f9.css]
[keiton-store-demo.myshopify.com/cdn/shop/t/13/assets/animate.mind402.css]
[keiton-store-demo.myshopify.com/cdn/shop/t/13/compiled_assets/stylesa7ae.css]
[keiton-store-demo.myshopify.com/cdn/shop/t/13/compiled_assets/scriptsa7ae.js]
[keiton-store-demo.myshopify.com/cdn/shop/t/13/assets/jquery-3.5.0.minac35.js]
[keiton-store-demo.myshopify.com/cdn/shop/t/13/assets/modernizr-2.8.3.min9261.js]
[keiton-store-demo.myshopify.com/cdn/shop/t/13/assets/lazysizes.minfd29.js]
[keiton-store-demo.myshopify.com/cdn/shop/t/13/assets/loader1cfb.gif]
[keiton-store-demo.myshopify.com/cdn/shop/t/13/assets/apmenuitem_ihtml_5e77f.jpg]
[keiton-store-demo.myshopify.com/cdn/shop/files/map8717.jpg]
[keiton-store-demo.myshopify.com/cdn/shop/t/13/assets/fastclick7bc2.js]
[keiton-store-demo.myshopify.com/cdn/shop/t/13/assets/jquery.currencies.minebf9.js]
[keiton-store-demo.myshopify.com/cdn/shop/t/13/assets/timber8f3b.js]
[keiton-store-demo.myshopify.com/cdn/shop/t/13/assets/handlebars.min6643.js]
[keiton-store-demo.myshopify.com/cdn/shop/t/13/assets/ajax-cart0dbe.js]
[keiton-store-demo.myshopify.com/cdn/shop/t/13/assets/gmaps.minbf39.js]
[keiton-store-demo.myshopify.com/cdn/shop/t/13/assets/bootstrap.bundle.min9303.js]
[keiton-store-demo.myshopify.com/cdn/shop/t/13/assets/slick.min0fe5.js]
[keiton-store-demo.myshopify.com/cdn/shop/t/13/assets/instafeed.min6218.js]
[keiton-store-demo.myshopify.com/cdn/shop/t/13/assets/jquery.fancybox.min8225.js]
[keiton-store-demo.myshopify.com/cdn/shop/t/13/assets/engo-plugins343d.js]
[keiton-store-demo.myshopify.com/cdn/shop/t/13/assets/quickview9867.js]
[keiton-store-demo.myshopify.com/cdn/shop/t/13/assets/collection2284.js]
[keiton-store-demo.myshopify.com/cdn/shop/t/13/assets/engo-scripts920d.js]
[keiton-store-demo.myshopify.com/cdn/shop/t/13/assets/masonry.pkgd.minf0ee.js]
[keiton-store-demo.myshopify.com/pages/contact-us.html]
[keiton-store-demo.myshopify.com/cdn/shop/t/2/assets/gmaps.min8c87.js]
[keiton-store-demo.myshopify.com/pages/contact-us-2.html]
[keiton-store-demo.myshopify.com/cdn/shop/t/15/assets/favicond51b.png]
[keiton-store-demo.myshopify.com/cdn/shop/t/15/assets/icon-for-mobilea7ae.png]
[keiton-store-demo.myshopify.com/cdn/shop/t/15/assets/icon-for-mobile_57x57a7ae.png]
[keiton-store-demo.myshopify.com/cdn/shop/t/15/assets/icon-for-mobile_60x60a7ae.png]
[keiton-store-demo.myshopify.com/cdn/shop/t/15/assets/icon-for-mobile_72x72a7ae.png]
[keiton-store-demo.myshopify.com/cdn/shop/t/15/assets/icon-for-mobile_76x76a7ae.png]
[keiton-store-demo.myshopify.com/cdn/shop/t/15/assets/icon-for-mobile_114x114a7ae.png]
[keiton-store-demo.myshopify.com/cdn/shop/t/15/assets/icon-for-mobile_120x120a7ae.png]
[keiton-store-demo.myshopify.com/cdn/shop/t/15/assets/icon-for-mobile_144x144a7ae.png]
[keiton-store-demo.myshopify.com/cdn/shop/t/15/assets/icon-for-mobile_152x152a7ae.png]
[keiton-store-demo.myshopify.com/cdn/shop/t/15/assets/logoa7ae.png]
[keiton-store-demo.myshopify.com/cdn/shop/t/15/assets/timber.scss0aa0.css]
[keiton-store-demo.myshopify.com/cdn/shop/t/15/assets/bootstrap.minfe87.css]
[keiton-store-demo.myshopify.com/cdn/shop/t/15/assets/slick8c2a.css]
[keiton-store-demo.myshopify.com/cdn/shop/t/15/assets/slick-themef7c8.css]
[keiton-store-demo.myshopify.com/cdn/shop/t/15/assets/jquery.fancybox.mine5ee.css]
[keiton-store-demo.myshopify.com/cdn/shop/t/15/assets/style-main.scss999e.css]
[keiton-store-demo.myshopify.com/cdn/shop/t/15/assets/engo-customizesbdab.css]
[keiton-store-demo.myshopify.com/cdn/shop/t/15/assets/animate.min7dee.css]
[keiton-store-demo.myshopify.com/cdn/shop/t/15/compiled_assets/stylesa7ae.css]
[keiton-store-demo.myshopify.com/cdn/shop/t/15/compiled_assets/scriptsa7ae.js]
[keiton-store-demo.myshopify.com/cdn/shop/t/15/assets/jquery-3.5.0.min8b58.js]
[keiton-store-demo.myshopify.com/cdn/shop/t/15/assets/modernizr-2.8.3.min2e22.js]
[keiton-store-demo.myshopify.com/cdn/shop/t/15/assets/lazysizes.mindca2.js]
[keiton-store-demo.myshopify.com/cdn/shop/t/15/assets/loaderc3b4.gif]
[keiton-store-demo.myshopify.com/cdn/shop/t/15/assets/apmenuitem_ihtml_5a90c.jpg]
[keiton-store-demo.myshopify.com/cdn/shop/t/15/assets/fastclickceaa.js]
[keiton-store-demo.myshopify.com/cdn/shop/t/15/assets/jquery.currencies.minddea.js]
[keiton-store-demo.myshopify.com/cdn/shop/t/15/assets/timber19ff.js]
[keiton-store-demo.myshopify.com/cdn/shop/t/15/assets/handlebars.min4782.js]
[keiton-store-demo.myshopify.com/cdn/shop/t/15/assets/ajax-cart4138.js]
[keiton-store-demo.myshopify.com/cdn/shop/t/15/assets/gmaps.min597b.js]
[keiton-store-demo.myshopify.com/cdn/shop/t/15/assets/bootstrap.bundle.min9e2c.js]
[keiton-store-demo.myshopify.com/cdn/shop/t/15/assets/slick.mind040.js]
[keiton-store-demo.myshopify.com/cdn/shop/t/15/assets/instafeed.min478e.js]
[keiton-store-demo.myshopify.com/cdn/shop/t/15/assets/jquery.fancybox.minba94.js]
[keiton-store-demo.myshopify.com/cdn/shop/t/15/assets/engo-plugins46a0.js]
[keiton-store-demo.myshopify.com/cdn/shop/t/15/assets/quickview67bf.js]
[keiton-store-demo.myshopify.com/cdn/shop/t/15/assets/collectiondf91.js]
[keiton-store-demo.myshopify.com/cdn/shop/t/15/assets/engo-scriptsdb02.js]
[keiton-store-demo.myshopify.com/cdn/shop/t/15/assets/masonry.pkgd.minf971.js]
[keiton-store-demo.myshopify.com/pages/contact-us-3.html]
[keiton-store-demo.myshopify.com/blogs/news/do-you-really-understand-yourself/index786f.html]
[keiton-store-demo.myshopify.com/blogs/news/do-you-really-understand-yourself/indexfde4.html]
[keiton-store-demo.myshopify.com/blogs/news/do-you-really-understand-yourself/indexa489.html]
[keiton-store-demo.myshopify.com/blogs/news/do-you-really-understand-yourself.html]
[keiton-store-demo.myshopify.com/blogs/news/interesting-things-you-didnt-know/index786f.html]
[keiton-store-demo.myshopify.com/blogs/news/interesting-things-you-didnt-know.html]
[keiton-store-demo.myshopify.com/blogs/news/index786f.html]
[keiton-store-demo.myshopify.com/blogs/news/indexfde4.html]
[keiton-store-demo.myshopify.com/blogs/news/indexa489.html]
[keiton-store-demo.myshopify.com/blogs/news/indexe8b1.html]
[keiton-store-demo.myshopify.com/blogs/news/index5159.html]
[keiton-store-demo.myshopify.com/blogs/news.html]
[keiton-store-demo.myshopify.com/account/register.html]
[keiton-store-demo.myshopify.com/pages/wishlist.html]
[keiton-store-demo.myshopify.com/collections/all.atom]
[keiton-store-demo.myshopify.com/collections/all4658.html]
[keiton-store-demo.myshopify.com/collections/POST]
[keiton-store-demo.myshopify.com/collections/vendors18a4.html]
[keiton-store-demo.myshopify.com/cdn/shop/files/shopify-banner-sidebar8717.jpg]
[keiton-store-demo.myshopify.com/collections/frontpage.html]
[keiton-store-demo.myshopify.com/cdn/shop/files/instagram237d0.jpg]
[keiton-store-demo.myshopify.com/cdn/shop/files/instagram737d0.jpg]
[keiton-store-demo.myshopify.com/cdn/shop/files/instagram337d0.jpg]
[keiton-store-demo.myshopify.com/cdn/shop/files/instagram637d0.jpg]
[keiton-store-demo.myshopify.com/cdn/shop/files/instagram137d0.jpg]
[keiton-store-demo.myshopify.com/cdn/shop/files/instagram837d0.jpg]
[keiton-store-demo.myshopify.com/cdn/shop/files/instagram1037d0.jpg]
[keiton-store-demo.myshopify.com/cdn/shop/files/instagram537d0.jpg]
[keiton-store-demo.myshopify.com/cdn/shop/files/instagram937d0.jpg]
[keiton-store-demo.myshopify.com/cdn/shop/files/instagram437d0.jpg]
[keiton-store-demo.myshopify.com/collections/manual]
[keiton-store-demo.myshopify.com/collections/best-selling]
[keiton-store-demo.myshopify.com/collections/title-ascending]
[keiton-store-demo.myshopify.com/collections/price-descending]
[keiton-store-demo.myshopify.com/collections/price-ascending]
[keiton-store-demo.myshopify.com/collections/created-ascending]
[keiton-store-demo.myshopify.com/collections/created-descending]
[keiton-store-demo.myshopify.com/products/cloudaway-sneaker.html]
[keiton-store-demo.myshopify.com/collections/all.html]
[keiton-store-demo.myshopify.com/cdn/shop/files/about2.11fa3.jpg]
[keiton-store-demo.myshopify.com/cdn/shop/files/about2.21fa3.jpg]
[keiton-store-demo.myshopify.com/cdn/shop/files/about2.31fa3.jpg]
[keiton-store-demo.myshopify.com/pages/about-us-2.html]
[keiton-store-demo.myshopify.com/cdn/shop/products/2.1_grandeb511.jpg]
[keiton-store-demo.myshopify.com/cdn/shop/products/2.2_grandeb511.jpg]
[keiton-store-demo.myshopify.com/cdn/shop/products/2.3_grandeb511.jpg]
[keiton-store-demo.myshopify.com/cdn/shop/products/2.1_mediumb511.jpg]
[keiton-store-demo.myshopify.com/products/tarther-blast.oembed]
[keiton-store-demo.myshopify.com/products/POST]
[keiton-store-demo.myshopify.com/collections/countdown.html]
[keiton-store-demo.myshopify.com/collections/new-2.html]
[cdn.shopify.com/s/files/1/0560/3137/9504/files/instagram10d8a9.jpg]
[cdn.shopify.com/s/files/1/0560/3137/9504/files/instagram9d8a9.jpg]
[keiton-store-demo.myshopify.com/collections/countdown/products/running-sole.html]
[keiton-store-demo.myshopify.com/cdn/shop/t/5/assets/loading7d92.gif]
[keiton-store-demo.myshopify.com/collections/countdown/products/shoes-mt.html]
[keiton-store-demo.myshopify.com/collections/countdown/products/ultraboost.html]
[keiton-store-demo.myshopify.com/products/tarther-blast.html]
[keiton-store-demo.myshopify.com/cdn/shopifycloud/shopify/assets/themes_support/shopify_common-33bb9d312118840468a53f36b59c62c1e8f2b7d1a0a77250db9e300441827470.js]
[keiton-store-demo.myshopify.com/account/POST]
[keiton-store-demo.myshopify.com/account/login.html]
[keiton-store-demo.myshopify.com/cdn/shop/products/2_grandec1db.jpg]
[keiton-store-demo.myshopify.com/cdn/shop/products/1.2_mediumc1db.jpg]
[keiton-store-demo.myshopify.com/products/shoes-mt.oembed]
[keiton-store-demo.myshopify.com/cdn/shop/files/graya7ae.png]
[keiton-store-demo.myshopify.com/cdn/shop/files/whitea7ae.png]
[keiton-store-demo.myshopify.com/collections/countdown/products/tarther-blast.html]
[keiton-store-demo.myshopify.com/products/shoes-mt.html]
[keiton-store-demo.myshopify.com/cdn/shop/products/14.1_grande2329.jpg]
[keiton-store-demo.myshopify.com/cdn/shop/products/14.2_grande2329.jpg]
[keiton-store-demo.myshopify.com/cdn/shop/products/14.3_grande2329.jpg]
[keiton-store-demo.myshopify.com/cdn/shop/products/14.1_medium2329.jpg]
[keiton-store-demo.myshopify.com/products/running-sole.oembed]
[keiton-store-demo.myshopify.com/collections/new-1.html]
[keiton-store-demo.myshopify.com/products/running-sole.html]
[keiton-store-demo.myshopify.com/cdn/shop/products/11.1_grandeaf44.jpg]
[keiton-store-demo.myshopify.com/cdn/shop/products/11.2_grandeaf44.jpg]
[keiton-store-demo.myshopify.com/cdn/shop/products/11.3_grandeaf44.jpg]
[keiton-store-demo.myshopify.com/cdn/shop/products/11.1_mediumaf44.jpg]
[keiton-store-demo.myshopify.com/products/rio-branco.oembed]
[keiton-store-demo.myshopify.com/collections/new-1/products/cloudnova-sneaker.html]
[keiton-store-demo.myshopify.com/collections/new-1/products/condor.html]
[keiton-store-demo.myshopify.com/collections/new-1/products/gel-lyte-og.html]
[keiton-store-demo.myshopify.com/collections/new-1/products/japan-spf.html]
[keiton-store-demo.myshopify.com/collections/new-1/products/malibu-sneaker.html]
[keiton-store-demo.myshopify.com/products/rio-branco.html]
[keiton-store-demo.myshopify.com/cdn/shop/products/15.1_grandeeb54.jpg]
[keiton-store-demo.myshopify.com/cdn/shop/products/15.2_grandeeb54.jpg]
[keiton-store-demo.myshopify.com/cdn/shop/products/15.3_grandeeb54.jpg]
[keiton-store-demo.myshopify.com/cdn/shop/products/15.1_mediumeb54.jpg]
[keiton-store-demo.myshopify.com/products/retro-hiker.oembed]
[keiton-store-demo.myshopify.com/products/retro-hiker.html]
[keiton-store-demo.myshopify.com/cdn/shop/products/10.1_grande7b7f.jpg]
[keiton-store-demo.myshopify.com/cdn/shop/products/10.2_grande7b7f.jpg]
[keiton-store-demo.myshopify.com/cdn/shop/products/10.3_grande7b7f.jpg]
[keiton-store-demo.myshopify.com/cdn/shop/products/10.1_medium7b7f.jpg]
[keiton-store-demo.myshopify.com/products/malibu-sneaker.oembed]
[keiton-store-demo.myshopify.com/collections/new-1/products/retro-hiker.html]
[keiton-store-demo.myshopify.com/products/malibu-sneaker.html]
[keiton-store-demo.myshopify.com/cdn/shop/products/4.1_grandef5ba.jpg]
[keiton-store-demo.myshopify.com/cdn/shop/products/4.2_grandef5ba.jpg]
[keiton-store-demo.myshopify.com/cdn/shop/products/4.3_grandef5ba.jpg]
[keiton-store-demo.myshopify.com/cdn/shop/products/4.1_mediumf5ba.jpg]
[keiton-store-demo.myshopify.com/products/japan-spf.oembed]
[keiton-store-demo.myshopify.com/collections/new.html]
[keiton-store-demo.myshopify.com/collections/new/products/chuck-sneaker.html]
[keiton-store-demo.myshopify.com/collections/new/products/chuck-70.html]
[keiton-store-demo.myshopify.com/collections/new/products/cloudaway.html]
[keiton-store-demo.myshopify.com/collections/new/products/cloudaway-sneaker.html]
[keiton-store-demo.myshopify.com/collections/new/products/cloudnova-sneaker.html]
[keiton-store-demo.myshopify.com/products/japan-spf.html]
[keiton-store-demo.myshopify.com/cdn/shop/products/3.1_grandec915.jpg]
[keiton-store-demo.myshopify.com/cdn/shop/products/3.2_grandec915.jpg]
[keiton-store-demo.myshopify.com/cdn/shop/products/3.3_grandec915.jpg]
[keiton-store-demo.myshopify.com/cdn/shop/products/3.1_mediumc915.jpg]
[keiton-store-demo.myshopify.com/products/gel-lyte-og.oembed]
[keiton-store-demo.myshopify.com/products/gel-lyte-og.html]
[keiton-store-demo.myshopify.com/cdn/shop/products/13.3_grande27b9.jpg]
[keiton-store-demo.myshopify.com/cdn/shop/products/13.1_medium27b9.jpg]
[keiton-store-demo.myshopify.com/products/chuck-sneaker.oembed]
[keiton-store-demo.myshopify.com/cdn/shop/files/greena7ae.png]
[keiton-store-demo.myshopify.com/cdn/shop/files/bluea7ae.png]
[keiton-store-demo.myshopify.com/collections/new/products/condor.html]
[keiton-store-demo.myshopify.com/products/chuck-sneaker.html]
[keiton-store-demo.myshopify.com/cdn/shop/products/5.1_grandef429.jpg]
[keiton-store-demo.myshopify.com/cdn/shop/products/5.2_grandef429.jpg]
[keiton-store-demo.myshopify.com/cdn/shop/products/5.3_grandef429.jpg]
[keiton-store-demo.myshopify.com/cdn/shop/products/5.1_mediumf429.jpg]
[keiton-store-demo.myshopify.com/products/chuck-70.oembed]
[keiton-store-demo.myshopify.com/products/chuck-70.html]
[keiton-store-demo.myshopify.com/cdn/shop/products/9.1_granded8d8.jpg]
[keiton-store-demo.myshopify.com/cdn/shop/products/9.2_granded8d8.jpg]
[keiton-store-demo.myshopify.com/cdn/shop/products/9.3_grande0b20.jpg]
[keiton-store-demo.myshopify.com/cdn/shop/products/9.1_mediumd8d8.jpg]
[keiton-store-demo.myshopify.com/products/cloudaway.oembed]
[keiton-store-demo.myshopify.com/products/cloudaway.html]
[keiton-store-demo.myshopify.com/cdn/shop/products/12.3_grandeb21b.jpg]
[keiton-store-demo.myshopify.com/cdn/shop/products/12.1_mediumb21b.jpg]
[keiton-store-demo.myshopify.com/products/cloudnova-sneaker.oembed]
[keiton-store-demo.myshopify.com/cdn/shop/files/blacka7ae.png]
[keiton-store-demo.myshopify.com/products/cloudnova-sneaker.html]
[keiton-store-demo.myshopify.com/cdn/shop/products/8.1_granded972.jpg]
[keiton-store-demo.myshopify.com/cdn/shop/products/8.2_granded972.jpg]
[keiton-store-demo.myshopify.com/cdn/shop/products/8.3_granded972.jpg]
[keiton-store-demo.myshopify.com/cdn/shop/products/8.1_mediumd972.jpg]
[keiton-store-demo.myshopify.com/products/condor.oembed]
[keiton-store-demo.myshopify.com/products/condor.html]
[keiton-store-demo.myshopify.com/cart.html]
[keiton-store-demo.myshopify.com/cdn/shop/t/6/assets/icons2b8a.html]
[keiton-store-demo.myshopify.com/cdn/shop/t/6/assets/icons2b8a-2.html]
[keiton-store-demo.myshopify.com/cdn/shop/t/6/assets/icons2b8a-3.html]
[keiton-store-demo.myshopify.com/cdn/shop/t/6/assets/icons9e45.svg]
[keiton-store-demo.myshopify.com/cdn/shop/t/6/assets/slick.html]
[keiton-store-demo.myshopify.com/cdn/shop/t/6/assets/slickd41d.html]
[keiton-store-demo.myshopify.com/cdn/shop/t/6/assets/slick-2.html]
[keiton-store-demo.myshopify.com/cdn/shop/products/7.1_grandeb740.jpg]
[keiton-store-demo.myshopify.com/cdn/shop/products/7.2_grandeb740.jpg]
[keiton-store-demo.myshopify.com/cdn/shop/products/7.3_grandeb740.jpg]
[keiton-store-demo.myshopify.com/cdn/shop/products/7.1_mediumb740.jpg]
[keiton-store-demo.myshopify.com/products/ultraboost.oembed]
[keiton-store-demo.myshopify.com/products/ultraboost.html]
[keiton-store-demo.myshopify.com/pages/POST.html]
[keiton-store-demo.myshopify.com/cdn/shop/t/2/assets/icon-for-mobilea7ae.html]
[keiton-store-demo.myshopify.com/cdn/shop/t/2/assets/icon-for-mobile_57x57a7ae.html]
[keiton-store-demo.myshopify.com/cdn/shop/t/2/assets/icon-for-mobile_60x60a7ae.html]
[keiton-store-demo.myshopify.com/cdn/shop/t/2/assets/icon-for-mobile_72x72a7ae.html]
[keiton-store-demo.myshopify.com/cdn/shop/t/2/assets/icon-for-mobile_76x76a7ae.html]
[keiton-store-demo.myshopify.com/cdn/shop/t/2/assets/icon-for-mobile_114x114a7ae.html]
[keiton-store-demo.myshopify.com/cdn/shop/t/2/assets/icon-for-mobile_120x120a7ae.html]
[keiton-store-demo.myshopify.com/cdn/shop/t/2/assets/icon-for-mobile_144x144a7ae.html]
[keiton-store-demo.myshopify.com/cdn/shop/t/2/assets/icon-for-mobile_152x152a7ae.html]
[keiton-store-demo.myshopify.com/cdn/shop/t/2/assets/logoa7ae.html]
[keiton-store-demo.myshopify.com/cdn/shop/t/2/assets/iconsa760.eot]
[keiton-store-demo.myshopify.com/cdn/shop/t/2/assets/iconsa760.woff]
[keiton-store-demo.myshopify.com/cdn/shop/t/2/assets/iconsa760.ttf]
[keiton-store-demo.myshopify.com/cdn/shop/t/2/assets/timber.scss9027.css]
[keiton-store-demo.myshopify.com/cdn/shop/t/2/assets/bootstrap.minb71a.css]
[keiton-store-demo.myshopify.com/cdn/shop/t/2/assets/slick5fdf.css]
[keiton-store-demo.myshopify.com/cdn/shop/t/2/assets/iconsefb9.svg]
[keiton-store-demo.myshopify.com/cdn/shop/t/2/assets/ajax-loader.gif]
[keiton-store-demo.myshopify.com/cdn/shop/t/2/assets/slick.eot]
[keiton-store-demo.myshopify.com/cdn/shop/t/2/assets/slickd41d.eot]
[keiton-store-demo.myshopify.com/cdn/shop/t/2/assets/slick.svg]
[keiton-store-demo.myshopify.com/cdn/shop/t/2/assets/slick-themeb4b6.css]
[keiton-store-demo.myshopify.com/cdn/shop/t/2/assets/jquery.fancybox.min1b5c.css]
[keiton-store-demo.myshopify.com/cdn/shop/t/2/assets/style-main.scssccd8.css]
[keiton-store-demo.myshopify.com/cdn/shop/t/2/assets/engo-customizesfcf2.css]
[keiton-store-demo.myshopify.com/cdn/shop/t/2/assets/animate.min20f7.css]
[keiton-store-demo.myshopify.com/cdn/shop/t/2/compiled_assets/stylesa7ae.css]
[keiton-store-demo.myshopify.com/cdn/shop/t/5/assets/icon-for-mobilea7ae.html]
[keiton-store-demo.myshopify.com/cdn/shop/t/5/assets/icon-for-mobile_57x57a7ae.html]
[keiton-store-demo.myshopify.com/cdn/shop/t/5/assets/icon-for-mobile_60x60a7ae.html]
[keiton-store-demo.myshopify.com/cdn/shop/t/5/assets/icon-for-mobile_72x72a7ae.html]
[keiton-store-demo.myshopify.com/cdn/shop/t/5/assets/icon-for-mobile_76x76a7ae.html]
[keiton-store-demo.myshopify.com/cdn/shop/t/5/assets/icon-for-mobile_114x114a7ae.html]
[keiton-store-demo.myshopify.com/cdn/shop/t/5/assets/icon-for-mobile_120x120a7ae.html]
[keiton-store-demo.myshopify.com/cdn/shop/t/5/assets/icon-for-mobile_144x144a7ae.html]
[keiton-store-demo.myshopify.com/cdn/shop/t/5/assets/icon-for-mobile_152x152a7ae.html]
[keiton-store-demo.myshopify.com/cdn/shop/t/5/assets/logoa7ae.html]
[keiton-store-demo.myshopify.com/cdn/shop/t/5/assets/iconsf3f2.eot]
[keiton-store-demo.myshopify.com/cdn/shop/t/5/assets/iconsf3f2.woff]
[keiton-store-demo.myshopify.com/cdn/shop/t/5/assets/iconsf3f2.ttf]
[keiton-store-demo.myshopify.com/cdn/shop/t/5/assets/timber.scss6513.css]
[keiton-store-demo.myshopify.com/cdn/shop/t/5/assets/bootstrap.mina262.css]
[keiton-store-demo.myshopify.com/cdn/shop/t/5/assets/slick6f09.css]
[keiton-store-demo.myshopify.com/cdn/shop/t/5/assets/icons9e45.svg]
[keiton-store-demo.myshopify.com/cdn/shop/t/5/assets/ajax-loader.gif]
[keiton-store-demo.myshopify.com/cdn/shop/t/5/assets/slick.eot]
[keiton-store-demo.myshopify.com/cdn/shop/t/5/assets/slickd41d.eot]
[keiton-store-demo.myshopify.com/cdn/shop/t/5/assets/slick.svg]
[keiton-store-demo.myshopify.com/cdn/shop/t/5/assets/slick-themec504.css]
[keiton-store-demo.myshopify.com/cdn/shop/t/5/assets/jquery.fancybox.min76a3.css]
[keiton-store-demo.myshopify.com/cdn/shop/t/5/assets/style-main.scss7b1b.css]
[keiton-store-demo.myshopify.com/cdn/shop/t/5/assets/engo-customizes74d3.css]
[keiton-store-demo.myshopify.com/cdn/shop/t/5/assets/animate.mina0ba.css]
[keiton-store-demo.myshopify.com/cdn/shop/t/5/compiled_assets/stylesa7ae.css]
[keiton-store-demo.myshopify.com/cdn/shop/products/4.1f5ba.jpg]
[keiton-store-demo.myshopify.com/collections.html]
[keiton-store-demo.myshopify.com/cdn/shop/t/13/assets/icon-for-mobilea7ae.html]
[keiton-store-demo.myshopify.com/cdn/shop/t/13/assets/icon-for-mobile_57x57a7ae.html]
[keiton-store-demo.myshopify.com/cdn/shop/t/13/assets/icon-for-mobile_60x60a7ae.html]
[keiton-store-demo.myshopify.com/cdn/shop/t/13/assets/icon-for-mobile_72x72a7ae.html]
[keiton-store-demo.myshopify.com/cdn/shop/t/13/assets/icon-for-mobile_76x76a7ae.html]
[keiton-store-demo.myshopify.com/cdn/shop/t/13/assets/icon-for-mobile_114x114a7ae.html]
[keiton-store-demo.myshopify.com/cdn/shop/t/13/assets/icon-for-mobile_120x120a7ae.html]
[keiton-store-demo.myshopify.com/cdn/shop/t/13/assets/icon-for-mobile_144x144a7ae.html]
[keiton-store-demo.myshopify.com/cdn/shop/t/13/assets/icon-for-mobile_152x152a7ae.html]
[keiton-store-demo.myshopify.com/cdn/shop/t/13/assets/logoa7ae.html]
[keiton-store-demo.myshopify.com/cdn/shop/t/13/assets/timber.scss5b47.css]
[keiton-store-demo.myshopify.com/cdn/shop/t/13/assets/bootstrap.min1b82.css]
[keiton-store-demo.myshopify.com/cdn/shop/t/13/assets/slick9ef6.css]
[keiton-store-demo.myshopify.com/cdn/shop/t/13/assets/ajax-loader.gif]
[keiton-store-demo.myshopify.com/cdn/shop/t/13/assets/slick.eot]
[keiton-store-demo.myshopify.com/cdn/shop/t/13/assets/slickd41d.eot]
[keiton-store-demo.myshopify.com/cdn/shop/t/13/assets/slick.svg]
[keiton-store-demo.myshopify.com/cdn/shop/t/13/assets/slick-themed8a4.css]
[keiton-store-demo.myshopify.com/cdn/shop/t/13/assets/jquery.fancybox.min8aa1.css]
[keiton-store-demo.myshopify.com/cdn/shop/t/13/assets/style-main.scss3d67.css]
[keiton-store-demo.myshopify.com/cdn/shop/t/13/assets/engo-customizes12f9.css]
[keiton-store-demo.myshopify.com/cdn/shop/t/13/assets/animate.mind402.css]
[keiton-store-demo.myshopify.com/cdn/shop/t/13/compiled_assets/stylesa7ae.css]
[keiton-store-demo.myshopify.com/cdn/shop/t/15/assets/icon-for-mobilea7ae.html]
[keiton-store-demo.myshopify.com/cdn/shop/t/15/assets/icon-for-mobile_57x57a7ae.html]
[keiton-store-demo.myshopify.com/cdn/shop/t/15/assets/icon-for-mobile_60x60a7ae.html]
[keiton-store-demo.myshopify.com/cdn/shop/t/15/assets/icon-for-mobile_72x72a7ae.html]
[keiton-store-demo.myshopify.com/cdn/shop/t/15/assets/icon-for-mobile_76x76a7ae.html]
[keiton-store-demo.myshopify.com/cdn/shop/t/15/assets/icon-for-mobile_114x114a7ae.html]
[keiton-store-demo.myshopify.com/cdn/shop/t/15/assets/icon-for-mobile_120x120a7ae.html]
[keiton-store-demo.myshopify.com/cdn/shop/t/15/assets/icon-for-mobile_144x144a7ae.html]
[keiton-store-demo.myshopify.com/cdn/shop/t/15/assets/icon-for-mobile_152x152a7ae.html]
[keiton-store-demo.myshopify.com/cdn/shop/t/15/assets/logoa7ae.html]
[keiton-store-demo.myshopify.com/cdn/shop/t/15/assets/iconsdd45.eot]
[keiton-store-demo.myshopify.com/cdn/shop/t/15/assets/iconsdd45.woff]
[keiton-store-demo.myshopify.com/cdn/shop/t/15/assets/iconsdd45.ttf]
[keiton-store-demo.myshopify.com/cdn/shop/t/15/assets/timber.scss0aa0.css]
[keiton-store-demo.myshopify.com/cdn/shop/t/15/assets/bootstrap.minfe87.css]
[keiton-store-demo.myshopify.com/cdn/shop/t/15/assets/slick8c2a.css]
[keiton-store-demo.myshopify.com/cdn/shop/t/15/assets/iconsfa09.svg]
[keiton-store-demo.myshopify.com/cdn/shop/t/15/assets/ajax-loader.gif]
[keiton-store-demo.myshopify.com/cdn/shop/t/15/assets/slick.eot]
[keiton-store-demo.myshopify.com/cdn/shop/t/15/assets/slickd41d.eot]
[keiton-store-demo.myshopify.com/cdn/shop/t/15/assets/slick.svg]
[keiton-store-demo.myshopify.com/cdn/shop/t/15/assets/slick-themef7c8.css]
[keiton-store-demo.myshopify.com/cdn/shop/t/15/assets/jquery.fancybox.mine5ee.css]
[keiton-store-demo.myshopify.com/cdn/shop/t/15/assets/style-main.scss999e.css]
[keiton-store-demo.myshopify.com/cdn/shop/t/15/assets/engo-customizesbdab.css]
[keiton-store-demo.myshopify.com/cdn/shop/t/15/assets/animate.min7dee.css]
[keiton-store-demo.myshopify.com/cdn/shop/t/15/compiled_assets/stylesa7ae.css]
[keiton-store-demo.myshopify.com/blogs/news.atom]
[keiton-store-demo.myshopify.com/blogs/news/POST]
[keiton-store-demo.myshopify.com/blogs/news/do-you-really-understand-yourself/index.html]
[keiton-store-demo.myshopify.com/cdn/shop/articles/blog4_1024x1024b928.jpg]
[keiton-store-demo.myshopify.com/blogs/news/latest-news-are-on-top-all-times.html]
[keiton-store-demo.myshopify.com/cdn/shop/articles/blog5_1024x10240bba.jpg]
[keiton-store-demo.myshopify.com/cdn/shop/articles/blog3_1024x10240c40.jpg]
[keiton-store-demo.myshopify.com/blogs/news/what-we-need-to-know.html]
[keiton-store-demo.myshopify.com/cdn/shop/articles/blog2_1024x1024c06b.jpg]
[keiton-store-demo.myshopify.com/blogs/news/the-most-useful-things-for-you.html]
[keiton-store-demo.myshopify.com/cdn/shop/articles/blog1_1024x10240860.jpg]
[keiton-store-demo.myshopify.com/blogs/news/do-you-really-understand-yourself.html]
[keiton-store-demo.myshopify.com/blogs/news/interesting-things-you-didnt-know/index.html]
[keiton-store-demo.myshopify.com/blogs/news/interesting-things-you-didnt-know.html]
[keiton-store-demo.myshopify.com/blogs/POST]
[keiton-store-demo.myshopify.com/blogs/news.html]
[keiton-store-demo.myshopify.com/account/register.html]
[keiton-store-demo.myshopify.com/collections/all2679.html]
[keiton-store-demo.myshopify.com/collections/all4658.html]
[keiton-store-demo.myshopify.com/collections/POST.html]
[keiton-store-demo.myshopify.com/collections/vendors6130.html]
[keiton-store-demo.myshopify.com/collections/vendors20f7.html]
[keiton-store-demo.myshopify.com/collections/vendors18a4.html]
[keiton-store-demo.myshopify.com/collections/frontpage.atom]
[keiton-store-demo.myshopify.com/collections/frontpage4658.html]
[keiton-store-demo.myshopify.com/collections/frontpage.oembed]
[keiton-store-demo.myshopify.com/collections/frontpage/products/tarther-blast.html]
[keiton-store-demo.myshopify.com/collections/frontpage/products/shoes-mt.html]
[keiton-store-demo.myshopify.com/collections/frontpage/products/running-sole.html]
[keiton-store-demo.myshopify.com/collections/frontpage/products/rio-branco.html]
[keiton-store-demo.myshopify.com/collections/frontpage/products/retro-hiker.html]
[keiton-store-demo.myshopify.com/collections/frontpage/products/malibu-sneaker.html]
[keiton-store-demo.myshopify.com/collections/frontpage/products/japan-spf.html]
[keiton-store-demo.myshopify.com/collections/frontpage/products/gel-lyte-og.html]
[keiton-store-demo.myshopify.com/collections/frontpage/products/condor.html]
[keiton-store-demo.myshopify.com/collections/frontpage/products/cloudnova-sneaker.html]
[keiton-store-demo.myshopify.com/collections/frontpage/products/cloudaway-sneaker.html]
[keiton-store-demo.myshopify.com/collections/frontpage/products/cloudaway.html]
[keiton-store-demo.myshopify.com/collections/frontpage.html]
[keiton-store-demo.myshopify.com/collections/manual.html]
[keiton-store-demo.myshopify.com/collections/best-selling.html]
[keiton-store-demo.myshopify.com/collections/title-ascending.html]
[keiton-store-demo.myshopify.com/collections/price-descending.html]
[keiton-store-demo.myshopify.com/collections/price-ascending.html]
[keiton-store-demo.myshopify.com/collections/created-ascending.html]
[keiton-store-demo.myshopify.com/collections/created-descending.html]
[keiton-store-demo.myshopify.com/cdn/shop/products/6.1_grande9833.jpg]
[keiton-store-demo.myshopify.com/cdn/shop/products/6.2_grande9833.jpg]
[keiton-store-demo.myshopify.com/cdn/shop/products/6.3_grande9833.jpg]
[keiton-store-demo.myshopify.com/cdn/shop/products/6.1_medium9833.jpg]
[keiton-store-demo.myshopify.com/products/cloudaway-sneaker.oembed]
[keiton-store-demo.myshopify.com/products/cloudaway-sneaker.html]
[keiton-store-demo.myshopify.com/products/POST.html]
[keiton-store-demo.myshopify.com/collections/countdown.atom]
[keiton-store-demo.myshopify.com/collections/countdown.oembed]
[keiton-store-demo.myshopify.com/collections/countdown.html]
[keiton-store-demo.myshopify.com/collections/new-2.atom]
[keiton-store-demo.myshopify.com/collections/new-2.oembed]
[keiton-store-demo.myshopify.com/collections/new-2/products/tarther-blast.html]
[keiton-store-demo.myshopify.com/collections/new-2/products/shoes-mt.html]
[keiton-store-demo.myshopify.com/collections/new-2/products/running-sole.html]
[keiton-store-demo.myshopify.com/collections/new-2/products/rio-branco.html]
[keiton-store-demo.myshopify.com/collections/new-2/products/retro-hiker.html]
[keiton-store-demo.myshopify.com/collections/new-2/products/malibu-sneaker.html]
[keiton-store-demo.myshopify.com/collections/new-2/products/japan-spf.html]
[keiton-store-demo.myshopify.com/collections/new-2/products/ultraboost.html]
[keiton-store-demo.myshopify.com/collections/new-2.html]
[pinterest.com/pin/create/button/index5991.html]
[keiton-store-demo.myshopify.com/collections/countdown/products/POST]
[keiton-store-demo.myshopify.com/collections/countdown/products/running-sole.html]
[keiton-store-demo.myshopify.com/collections/countdown/products/shoes-mt.html]
[keiton-store-demo.myshopify.com/collections/countdown/products/ultraboost.html]
[keiton-store-demo.myshopify.com/account/POST.html]
[keiton-store-demo.myshopify.com/cdn/shop/files/graya7ae.html]
[keiton-store-demo.myshopify.com/cdn/shop/files/whitea7ae.html]
[pinterest.com/pin/create/button/indexda67.html]
[keiton-store-demo.myshopify.com/collections/countdown/products/tarther-blast.html]
[keiton-store-demo.myshopify.com/collections/new-1.atom]
[keiton-store-demo.myshopify.com/collections/new-1.oembed]
[keiton-store-demo.myshopify.com/collections/new-1/products/running-sole.html]
[keiton-store-demo.myshopify.com/collections/new-1/products/rio-branco.html]
[keiton-store-demo.myshopify.com/collections/new-1.html]
[pinterest.com/pin/create/button/index70a8.html]
[pinterest.com/pin/create/button/index6a33.html]
[keiton-store-demo.myshopify.com/collections/new-1/products/POST]
[keiton-store-demo.myshopify.com/collections/new-1/products/cloudnova-sneaker.html]
[keiton-store-demo.myshopify.com/collections/new-1/products/condor.html]
[keiton-store-demo.myshopify.com/collections/new-1/products/gel-lyte-og.html]
[keiton-store-demo.myshopify.com/collections/new-1/products/japan-spf.html]
[keiton-store-demo.myshopify.com/collections/new-1/products/malibu-sneaker.html]
[pinterest.com/pin/create/button/indexb966.html]
[pinterest.com/pin/create/button/index1f75.html]
[keiton-store-demo.myshopify.com/collections/new-1/products/retro-hiker.html]
[keiton-store-demo.myshopify.com/collections/new.atom]
[keiton-store-demo.myshopify.com/collections/new.oembed]
[keiton-store-demo.myshopify.com/collections/new/products/japan-spf.html]
[keiton-store-demo.myshopify.com/collections/new/products/gel-lyte-og.html]
[keiton-store-demo.myshopify.com/collections/new.html]
[pinterest.com/pin/create/button/index8740.html]
[keiton-store-demo.myshopify.com/collections/new/products/POST]
[keiton-store-demo.myshopify.com/collections/new/products/chuck-sneaker.html]
[keiton-store-demo.myshopify.com/collections/new/products/chuck-70.html]
[keiton-store-demo.myshopify.com/collections/new/products/cloudaway.html]
[keiton-store-demo.myshopify.com/collections/new/products/cloudaway-sneaker.html]
[keiton-store-demo.myshopify.com/collections/new/products/cloudnova-sneaker.html]
[pinterest.com/pin/create/button/indexeb3c.html]
[keiton-store-demo.myshopify.com/cdn/shop/files/greena7ae.html]
[keiton-store-demo.myshopify.com/cdn/shop/files/bluea7ae.html]
[pinterest.com/pin/create/button/indexc3e8.html]
[keiton-store-demo.myshopify.com/collections/new/products/condor.html]
[pinterest.com/pin/create/button/index4f68.html]
[pinterest.com/pin/create/button/indexa391.html]
[keiton-store-demo.myshopify.com/cdn/shop/files/blacka7ae.html]
[pinterest.com/pin/create/button/index35d4.html]
[pinterest.com/pin/create/button/index1376.html]
[pinterest.com/pin/create/button/index1df3.html]
[keiton-store-demo.myshopify.com/cdn/shop/t/2/assets/iconsa760.html]
[keiton-store-demo.myshopify.com/cdn/shop/t/2/assets/iconsa760-2.html]
[keiton-store-demo.myshopify.com/cdn/shop/t/2/assets/iconsa760-3.html]
[keiton-store-demo.myshopify.com/cdn/shop/t/2/assets/iconsefb9.svg]
[keiton-store-demo.myshopify.com/cdn/shop/t/2/assets/slick.html]
[keiton-store-demo.myshopify.com/cdn/shop/t/2/assets/slickd41d.html]
[keiton-store-demo.myshopify.com/cdn/shop/t/2/assets/slick-2.html]
[keiton-store-demo.myshopify.com/cdn/shop/t/5/assets/iconsf3f2.html]
[keiton-store-demo.myshopify.com/cdn/shop/t/5/assets/iconsf3f2-2.html]
[keiton-store-demo.myshopify.com/cdn/shop/t/5/assets/iconsf3f2-3.html]
[keiton-store-demo.myshopify.com/cdn/shop/t/5/assets/icons9e45.svg]
[keiton-store-demo.myshopify.com/cdn/shop/t/5/assets/slick.html]
[keiton-store-demo.myshopify.com/cdn/shop/t/5/assets/slickd41d.html]
[keiton-store-demo.myshopify.com/cdn/shop/t/5/assets/slick-2.html]
[keiton-store-demo.myshopify.com/cdn/shop/t/13/assets/slick.html]
[keiton-store-demo.myshopify.com/cdn/shop/t/13/assets/slickd41d.html]
[keiton-store-demo.myshopify.com/cdn/shop/t/13/assets/slick-2.html]
[keiton-store-demo.myshopify.com/cdn/shop/t/15/assets/iconsdd45.html]
[keiton-store-demo.myshopify.com/cdn/shop/t/15/assets/iconsdd45-2.html]
[keiton-store-demo.myshopify.com/cdn/shop/t/15/assets/iconsdd45-3.html]
[keiton-store-demo.myshopify.com/cdn/shop/t/15/assets/iconsfa09.svg]
[keiton-store-demo.myshopify.com/cdn/shop/t/15/assets/slick.html]
[keiton-store-demo.myshopify.com/cdn/shop/t/15/assets/slickd41d.html]
[keiton-store-demo.myshopify.com/cdn/shop/t/15/assets/slick-2.html]
[keiton-store-demo.myshopify.com/blogs/news/POST.html]
[keiton-store-demo.myshopify.com/blogs/news/do-you-really-understand-yourself/POST.489.delayed]
[keiton-store-demo.myshopify.com/blogs/news/do-you-really-understand-yourself/index.html]
[pinterest.com/pin/create/button/index47a2.html]
[keiton-store-demo.myshopify.com/blogs/news/latest-news-are-on-top-all-times/index.html]
[keiton-store-demo.myshopify.com/blogs/news/latest-news-are-on-top-all-times.html]
[keiton-store-demo.myshopify.com/blogs/news/what-we-need-to-know.html]
[keiton-store-demo.myshopify.com/blogs/news/what-we-need-to-know/index.html]
[keiton-store-demo.myshopify.com/blogs/news/the-most-useful-things-for-you.html]
[keiton-store-demo.myshopify.com/blogs/news/the-most-useful-things-for-you/index.html]
[keiton-store-demo.myshopify.com/blogs/news/interesting-things-you-didnt-know/POST]
[keiton-store-demo.myshopify.com/blogs/news/interesting-things-you-didnt-know/index.html]
[pinterest.com/pin/create/button/indexaf60.html]
[keiton-store-demo.myshopify.com/blogs/POST.html]
[keiton-store-demo.myshopify.com/collections/all2679.html]
[keiton-store-demo.myshopify.com/collections/vendors6130.html]
[keiton-store-demo.myshopify.com/collections/vendorsf1de.html]
[keiton-store-demo.myshopify.com/collections/vendors20f7.html]
[keiton-store-demo.myshopify.com/collections/vendorse5c8.html]
[keiton-store-demo.myshopify.com/collections/frontpage2679.html]
[keiton-store-demo.myshopify.com/collections/frontpage4658.oembed]
[keiton-store-demo.myshopify.com/collections/frontpage/products/chuck-sneaker.html]
[keiton-store-demo.myshopify.com/collections/frontpage/products/chuck-70.html]
[keiton-store-demo.myshopify.com/collections/frontpage4658.html]
[keiton-store-demo.myshopify.com/collections/frontpage/products/ultraboost.html]
[keiton-store-demo.myshopify.com/collections/frontpage/products/POST]
[keiton-store-demo.myshopify.com/collections/frontpage/products/tarther-blast.html]
[keiton-store-demo.myshopify.com/collections/frontpage/products/shoes-mt.html]
[keiton-store-demo.myshopify.com/collections/frontpage/products/running-sole.html]
[keiton-store-demo.myshopify.com/collections/frontpage/products/rio-branco.html]
[keiton-store-demo.myshopify.com/collections/frontpage/products/retro-hiker.html]
[keiton-store-demo.myshopify.com/collections/frontpage/products/malibu-sneaker.html]
[keiton-store-demo.myshopify.com/collections/frontpage/products/japan-spf.html]
[keiton-store-demo.myshopify.com/collections/frontpage/products/gel-lyte-og.html]
[keiton-store-demo.myshopify.com/collections/frontpage/products/condor.html]
[keiton-store-demo.myshopify.com/collections/frontpage/products/cloudnova-sneaker.html]
[keiton-store-demo.myshopify.com/collections/frontpage/products/cloudaway-sneaker.html]
[keiton-store-demo.myshopify.com/collections/frontpage/products/cloudaway.html]
[pinterest.com/pin/create/button/index71a1.html]
[keiton-store-demo.myshopify.com/collections/new-2/products/POST]
[keiton-store-demo.myshopify.com/collections/new-2/products/tarther-blast.html]
[keiton-store-demo.myshopify.com/collections/new-2/products/shoes-mt.html]
[keiton-store-demo.myshopify.com/collections/new-2/products/running-sole.html]
[keiton-store-demo.myshopify.com/collections/new-2/products/rio-branco.html]
[keiton-store-demo.myshopify.com/collections/new-2/products/retro-hiker.html]
[keiton-store-demo.myshopify.com/collections/new-2/products/malibu-sneaker.html]
[keiton-store-demo.myshopify.com/collections/new-2/products/japan-spf.html]
[keiton-store-demo.myshopify.com/collections/new-2/products/ultraboost.html]
[pinterest.com/pin/create/button/indexe349.html]
[keiton-store-demo.myshopify.com/collections/countdown/products/POST.html]
[pinterest.com/pin/create/button/index165f.html]
[keiton-store-demo.myshopify.com/collections/new-1/products/running-sole.html]
[keiton-store-demo.myshopify.com/collections/new-1/products/rio-branco.html]
[pinterest.com/pin/create/button/index4b93.html]
[pinterest.com/pin/create/button/indexc08e.html]
[keiton-store-demo.myshopify.com/collections/new-1/products/POST.html]
[pinterest.com/pin/create/button/index2cea.html]
[pinterest.com/pin/create/button/indexc5d3.html]
[keiton-store-demo.myshopify.com/collections/new/products/japan-spf.html]
[keiton-store-demo.myshopify.com/collections/new/products/gel-lyte-og.html]
[pinterest.com/pin/create/button/indexabfe.html]
[keiton-store-demo.myshopify.com/collections/new/products/POST.html]
[pinterest.com/pin/create/button/index38a3.html]
[pinterest.com/pin/create/button/index39e6.html]
[pinterest.com/pin/create/button/indexa78b.html]
[pinterest.com/pin/create/button/indexf73c.html]
[pinterest.com/pin/create/button/index7c8b.html]
[pinterest.com/pin/create/button/indexd734.html]
[pinterest.com/pin/create/button/index2222.html]
[keiton-store-demo.myshopify.com/blogs/news/do-you-really-understand-yourself/POST.html]
[pinterest.com/pin/create/button/indexee86.html]
[keiton-store-demo.myshopify.com/blogs/news/latest-news-are-on-top-all-times/POST]
[keiton-store-demo.myshopify.com/blogs/news/latest-news-are-on-top-all-times/index.html]
[pinterest.com/pin/create/button/index4f21.html]
[keiton-store-demo.myshopify.com/blogs/news/what-we-need-to-know/POST]
[keiton-store-demo.myshopify.com/blogs/news/what-we-need-to-know/index.html]
[pinterest.com/pin/create/button/indexeed2.html]
[keiton-store-demo.myshopify.com/blogs/news/the-most-useful-things-for-you/POST]
[keiton-store-demo.myshopify.com/blogs/news/the-most-useful-things-for-you/index.html]
[pinterest.com/pin/create/button/indexc5eb.html]
[keiton-store-demo.myshopify.com/blogs/news/interesting-things-you-didnt-know/POST.html]
[pinterest.com/pin/create/button/index4aa1.html]
[keiton-store-demo.myshopify.com/collections/vendorsf1de.html]
[keiton-store-demo.myshopify.com/collections/vendorsa933.html]
[keiton-store-demo.myshopify.com/collections/vendorse5c8.html]
[keiton-store-demo.myshopify.com/collections/frontpage2679.html]
[keiton-store-demo.myshopify.com/collections/frontpage/products/chuck-sneaker.html]
[keiton-store-demo.myshopify.com/collections/frontpage/products/chuck-70.html]
[keiton-store-demo.myshopify.com/collections/frontpage/products/ultraboost.html]
[keiton-store-demo.myshopify.com/collections/frontpage/products/POST.html]
[pinterest.com/pin/create/button/indexb62b.html]
[keiton-store-demo.myshopify.com/collections/new-2/products/POST.html]
[keiton-store-demo.myshopify.com/blogs/news/latest-news-are-on-top-all-times/POST.html]
[pinterest.com/pin/create/button/indexb108.html]
[keiton-store-demo.myshopify.com/blogs/news/what-we-need-to-know/POST.html]
[pinterest.com/pin/create/button/index97f0.html]
[keiton-store-demo.myshopify.com/blogs/news/the-most-useful-things-for-you/POST.html]
[pinterest.com/pin/create/button/indexd79a.html]
[keiton-store-demo.myshopify.com/collections/vendorsa933.html]
